Archive member included to satisfy reference by file (symbol)

c:/program files (x86)/atmel/studio/7.0/toolchain/arm/arm-gnu-toolchain/bin/../lib/gcc/arm-none-eabi/6.3.1/thumb/v7e-m\libgcc.a(_arm_addsubdf3.o)
                              hpl/sercom/hpl_sercom.o (__aeabi_dsub)
c:/program files (x86)/atmel/studio/7.0/toolchain/arm/arm-gnu-toolchain/bin/../lib/gcc/arm-none-eabi/6.3.1/thumb/v7e-m\libgcc.a(_arm_muldivdf3.o)
                              hpl/sercom/hpl_sercom.o (__aeabi_dmul)
c:/program files (x86)/atmel/studio/7.0/toolchain/arm/arm-gnu-toolchain/bin/../lib/gcc/arm-none-eabi/6.3.1/thumb/v7e-m\libgcc.a(_arm_fixunsdfsi.o)
                              hpl/sercom/hpl_sercom.o (__aeabi_d2uiz)
c:/program files (x86)/atmel/studio/7.0/toolchain/arm/arm-gnu-toolchain/bin/../lib/gcc/arm-none-eabi/6.3.1/thumb/v7e-m\libgcc.a(_aeabi_uldivmod.o)
                              hpl/sercom/hpl_sercom.o (__aeabi_uldivmod)
c:/program files (x86)/atmel/studio/7.0/toolchain/arm/arm-gnu-toolchain/bin/../lib/gcc/arm-none-eabi/6.3.1/thumb/v7e-m\libgcc.a(_udivmoddi4.o)
                              c:/program files (x86)/atmel/studio/7.0/toolchain/arm/arm-gnu-toolchain/bin/../lib/gcc/arm-none-eabi/6.3.1/thumb/v7e-m\libgcc.a(_aeabi_uldivmod.o) (__udivmoddi4)
c:/program files (x86)/atmel/studio/7.0/toolchain/arm/arm-gnu-toolchain/bin/../lib/gcc/arm-none-eabi/6.3.1/thumb/v7e-m\libgcc.a(_dvmd_tls.o)
                              c:/program files (x86)/atmel/studio/7.0/toolchain/arm/arm-gnu-toolchain/bin/../lib/gcc/arm-none-eabi/6.3.1/thumb/v7e-m\libgcc.a(_aeabi_uldivmod.o) (__aeabi_ldiv0)
c:/program files (x86)/atmel/studio/7.0/toolchain/arm/arm-gnu-toolchain/bin/../lib/gcc/arm-none-eabi/6.3.1/../../../../arm-none-eabi/lib/thumb/v7e-m\libc_nano.a(lib_a-exit.o)
                              c:/program files (x86)/atmel/studio/7.0/toolchain/arm/arm-gnu-toolchain/bin/../lib/gcc/arm-none-eabi/6.3.1/../../../../arm-none-eabi/lib/thumb/v7e-m/crt0.o (exit)
c:/program files (x86)/atmel/studio/7.0/toolchain/arm/arm-gnu-toolchain/bin/../lib/gcc/arm-none-eabi/6.3.1/../../../../arm-none-eabi/lib/thumb/v7e-m\libc_nano.a(lib_a-impure.o)
                              c:/program files (x86)/atmel/studio/7.0/toolchain/arm/arm-gnu-toolchain/bin/../lib/gcc/arm-none-eabi/6.3.1/../../../../arm-none-eabi/lib/thumb/v7e-m\libc_nano.a(lib_a-exit.o) (_global_impure_ptr)
c:/program files (x86)/atmel/studio/7.0/toolchain/arm/arm-gnu-toolchain/bin/../lib/gcc/arm-none-eabi/6.3.1/../../../../arm-none-eabi/lib/thumb/v7e-m\libc_nano.a(lib_a-init.o)
                              c:/program files (x86)/atmel/studio/7.0/toolchain/arm/arm-gnu-toolchain/bin/../lib/gcc/arm-none-eabi/6.3.1/../../../../arm-none-eabi/lib/thumb/v7e-m/crt0.o (__libc_init_array)
c:/program files (x86)/atmel/studio/7.0/toolchain/arm/arm-gnu-toolchain/bin/../lib/gcc/arm-none-eabi/6.3.1/../../../../arm-none-eabi/lib/thumb/v7e-m\libc_nano.a(lib_a-memcpy-stub.o)
                              hpl/can/hpl_can.o (memcpy)
c:/program files (x86)/atmel/studio/7.0/toolchain/arm/arm-gnu-toolchain/bin/../lib/gcc/arm-none-eabi/6.3.1/../../../../arm-none-eabi/lib/thumb/v7e-m\libc_nano.a(lib_a-memset.o)
                              c:/program files (x86)/atmel/studio/7.0/toolchain/arm/arm-gnu-toolchain/bin/../lib/gcc/arm-none-eabi/6.3.1/../../../../arm-none-eabi/lib/thumb/v7e-m/crt0.o (memset)
c:/program files (x86)/atmel/studio/7.0/toolchain/arm/arm-gnu-toolchain/bin/../lib/gcc/arm-none-eabi/6.3.1/../../../../arm-none-eabi/lib/thumb/v7e-m\libc_nano.a(lib_a-printf.o)
                              hal/utils/src/utils_syscalls.o (printf)
c:/program files (x86)/atmel/studio/7.0/toolchain/arm/arm-gnu-toolchain/bin/../lib/gcc/arm-none-eabi/6.3.1/../../../../arm-none-eabi/lib/thumb/v7e-m\libc_nano.a(lib_a-puts.o)
                              main.o (puts)
c:/program files (x86)/atmel/studio/7.0/toolchain/arm/arm-gnu-toolchain/bin/../lib/gcc/arm-none-eabi/6.3.1/../../../../arm-none-eabi/lib/thumb/v7e-m\libc_nano.a(lib_a-scanf.o)
                              main.o (scanf)
c:/program files (x86)/atmel/studio/7.0/toolchain/arm/arm-gnu-toolchain/bin/../lib/gcc/arm-none-eabi/6.3.1/../../../../arm-none-eabi/lib/thumb/v7e-m\libc_nano.a(lib_a-setbuf.o)
                              stdio_redirect/stdio_io.o (setbuf)
c:/program files (x86)/atmel/studio/7.0/toolchain/arm/arm-gnu-toolchain/bin/../lib/gcc/arm-none-eabi/6.3.1/../../../../arm-none-eabi/lib/thumb/v7e-m\libc_nano.a(lib_a-setvbuf.o)
                              c:/program files (x86)/atmel/studio/7.0/toolchain/arm/arm-gnu-toolchain/bin/../lib/gcc/arm-none-eabi/6.3.1/../../../../arm-none-eabi/lib/thumb/v7e-m\libc_nano.a(lib_a-setbuf.o) (setvbuf)
c:/program files (x86)/atmel/studio/7.0/toolchain/arm/arm-gnu-toolchain/bin/../lib/gcc/arm-none-eabi/6.3.1/../../../../arm-none-eabi/lib/thumb/v7e-m\libc_nano.a(lib_a-wbuf.o)
[...]
Memory Configuration

Name             Origin             Length             Attributes
rom              0x00000000         0x00100000         xr
ram              0x20000000         0x00040000         xrw
bkupram          0x47000000         0x00002000         xrw
qspi             0x04000000         0x01000000         xrw
*default*        0x00000000         0xffffffff

Linker script and memory map

LOAD c:/program files (x86)/atmel/studio/7.0/toolchain/arm/arm-gnu-toolchain/bin/../lib/gcc/arm-none-eabi/6.3.1/thumb/v7e-m/crti.o
LOAD c:/program files (x86)/atmel/studio/7.0/toolchain/arm/arm-gnu-toolchain/bin/../lib/gcc/arm-none-eabi/6.3.1/thumb/v7e-m/crtbegin.o
LOAD c:/program files (x86)/atmel/studio/7.0/toolchain/arm/arm-gnu-toolchain/bin/../lib/gcc/arm-none-eabi/6.3.1/../../../../arm-none-eabi/lib/thumb/v7e-m/crt0.o
LOAD atmel_start.o
LOAD Device_Startup/startup_same54.o
LOAD Device_Startup/system_same54.o
LOAD driver_init.o
LOAD examples/driver_examples.o
LOAD hal/src/hal_atomic.o
LOAD hal/src/hal_cache.o
LOAD hal/src/hal_can_async.o
LOAD hal/src/hal_delay.o
LOAD hal/src/hal_gpio.o
LOAD hal/src/hal_init.o
LOAD hal/src/hal_io.o
LOAD hal/src/hal_sleep.o
LOAD hal/src/hal_usart_sync.o
LOAD hal/utils/src/utils_assert.o
LOAD hal/utils/src/utils_event.o
LOAD hal/utils/src/utils_list.o
LOAD hal/utils/src/utils_syscalls.o
LOAD hpl/can/hpl_can.o
LOAD hpl/cmcc/hpl_cmcc.o
LOAD hpl/core/hpl_core_m4.o
LOAD hpl/core/hpl_init.o
LOAD hpl/dmac/hpl_dmac.o
LOAD hpl/gclk/hpl_gclk.o
LOAD hpl/mclk/hpl_mclk.o
LOAD hpl/osc32kctrl/hpl_osc32kctrl.o
LOAD hpl/oscctrl/hpl_oscctrl.o
LOAD hpl/pm/hpl_pm.o
LOAD hpl/ramecc/hpl_ramecc.o
LOAD hpl/sercom/hpl_sercom.o
LOAD main.o
LOAD stdio_redirect/gcc/read.o
LOAD stdio_redirect/gcc/write.o
LOAD stdio_redirect/stdio_io.o
LOAD stdio_start.o
START GROUP
LOAD c:/program files (x86)/atmel/studio/7.0/toolchain/arm/arm-gnu-toolchain/bin/../lib/gcc/arm-none-eabi/6.3.1/../../../../arm-none-eabi/lib/thumb/v7e-m\libm.a
END GROUP
START GROUP
LOAD c:/program files (x86)/atmel/studio/7.0/toolchain/arm/arm-gnu-toolchain/bin/../lib/gcc/arm-none-eabi/6.3.1/thumb/v7e-m\libgcc.a
LOAD c:/program files (x86)/atmel/studio/7.0/toolchain/arm/arm-gnu-toolchain/bin/../lib/gcc/arm-none-eabi/6.3.1/../../../../arm-none-eabi/lib/thumb/v7e-m\libc_nano.a
END GROUP
START GROUP
LOAD c:/program files (x86)/atmel/studio/7.0/toolchain/arm/arm-gnu-toolchain/bin/../lib/gcc/arm-none-eabi/6.3.1/thumb/v7e-m\libgcc.a
LOAD c:/program files (x86)/atmel/studio/7.0/toolchain/arm/arm-gnu-toolchain/bin/../lib/gcc/arm-none-eabi/6.3.1/../../../../arm-none-eabi/lib/thumb/v7e-m\libc_nano.a
END GROUP
LOAD c:/program files (x86)/atmel/studio/7.0/toolchain/arm/arm-gnu-toolchain/bin/../lib/gcc/arm-none-eabi/6.3.1/thumb/v7e-m/crtend.o
LOAD c:/program files (x86)/atmel/studio/7.0/toolchain/arm/arm-gnu-toolchain/bin/../lib/gcc/arm-none-eabi/6.3.1/thumb/v7e-m/crtn.o
                0x00010000                STACK_SIZE = DEFINED (STACK_SIZE)?STACK_SIZE:DEFINED (__stack_size__)?__stack_size__:0x10000

.text           0x00000000     0x3ab0
                0x00000000                . = ALIGN (0x4)
                0x00000000                _sfixed = .
 *(.vectors .vectors.*)
 .vectors       0x00000000      0x264 Device_Startup/startup_same54.o
                0x00000000                exception_table
 *(.text .text.* .gnu.linkonce.t.*)
 .text          0x00000264       0x6c c:/program files (x86)/atmel/studio/7.0/toolchain/arm/arm-gnu-toolchain/bin/../lib/gcc/arm-none-eabi/6.3.1/thumb/v7e-m/crtbegin.o
 .text.atmel_start_init
                0x000002d0       0x14 atmel_start.o
                0x000002d0                atmel_start_init
 .text.Dummy_Handler
                0x000002e4        0x2 Device_Startup/startup_same54.o
                0x000002e4                EIC_5_Handler
                0x000002e4                SVCall_Handler
                0x000002e4                SERCOM0_2_Handler
                0x000002e4                EIC_13_Handler
                0x000002e4                EVSYS_0_Handler
                0x000002e4                TCC1_3_Handler
                0x000002e4                DAC_3_Handler
                0x000002e4                TRNG_Handler
                0x000002e4                HardFault_Handler
                0x000002e4                TC2_Handler
                0x000002e4                PDEC_2_Handler
                0x000002e4                EIC_4_Handler
                0x000002e4                AC_Handler
                0x000002e4                SERCOM3_1_Handler
                0x000002e4                SysTick_Handler
                0x000002e4                TCC2_3_Handler
                0x000002e4                SERCOM3_2_Handler
                0x000002e4                PendSV_Handler
                0x000002e4                TC7_Handler
                0x000002e4                ADC1_1_Handler
                0x000002e4                EVSYS_3_Handler
                0x000002e4                PDEC_0_Handler
                0x000002e4                QSPI_Handler
                0x000002e4                NonMaskableInt_Handler
                0x000002e4                TCC0_0_Handler
                0x000002e4                EIC_3_Handler
                0x000002e4                MemManagement_Handler
                0x000002e4                DAC_2_Handler
                0x000002e4                SERCOM0_0_Handler
                0x000002e4                RTC_Handler
                0x000002e4                UsageFault_Handler
                0x000002e4                SERCOM4_0_Handler
                0x000002e4                EIC_10_Handler
                0x000002e4                SERCOM0_3_Handler
                0x000002e4                EIC_11_Handler
                0x000002e4                EIC_9_Handler
                0x000002e4                OSC32KCTRL_Handler
                0x000002e4                TCC2_1_Handler
                0x000002e4                SUPC_1_Handler
                0x000002e4                TCC0_5_Handler
                0x000002e4                TCC0_6_Handler
                0x000002e4                SERCOM6_2_Handler
                0x000002e4                EVSYS_1_Handler
                0x000002e4                TCC1_4_Handler
                0x000002e4                TC6_Handler
                0x000002e4                DMAC_0_Handler
                0x000002e4                WDT_Handler
                0x000002e4                CAN0_Handler
                0x000002e4                EIC_8_Handler
                0x000002e4                EIC_15_Handler
                0x000002e4                SERCOM6_0_Handler
                0x000002e4                SERCOM5_0_Handler
                0x000002e4                TC4_Handler
                0x000002e4                TC1_Handler
                0x000002e4                OSCCTRL_4_Handler
                0x000002e4                SERCOM4_3_Handler
                0x000002e4                EIC_12_Handler
                0x000002e4                DMAC_4_Handler
                0x000002e4                TCC4_2_Handler
                0x000002e4                PAC_Handler
                0x000002e4                TCC1_0_Handler
                0x000002e4                USB_0_Handler
                0x000002e4                OSCCTRL_0_Handler
                0x000002e4                EIC_0_Handler
                0x000002e4                OSCCTRL_3_Handler
                0x000002e4                SERCOM4_1_Handler
                0x000002e4                TC3_Handler
                0x000002e4                Dummy_Handler
                0x000002e4                TCC3_0_Handler
                0x000002e4                TCC2_2_Handler
                0x000002e4                SERCOM5_1_Handler
                0x000002e4                TCC1_1_Handler
                0x000002e4                DMAC_2_Handler
                0x000002e4                ADC0_0_Handler
                0x000002e4                SERCOM0_1_Handler
                0x000002e4                OSCCTRL_2_Handler
                0x000002e4                ADC1_0_Handler
                0x000002e4                TCC1_2_Handler
                0x000002e4                SERCOM7_1_Handler
                0x000002e4                USB_1_Handler
                0x000002e4                PM_Handler
                0x000002e4                SERCOM6_3_Handler
                0x000002e4                SERCOM2_3_Handler
                0x000002e4                DAC_4_Handler
                0x000002e4                TCC3_2_Handler
                0x000002e4                SERCOM7_0_Handler
                0x000002e4                TCC0_2_Handler
                0x000002e4                DMAC_1_Handler
                0x000002e4                TCC4_0_Handler
                0x000002e4                SERCOM7_3_Handler
                0x000002e4                GMAC_Handler
                0x000002e4                SDHC1_Handler
                0x000002e4                USB_3_Handler
                0x000002e4                SERCOM7_2_Handler
                0x000002e4                TCC2_0_Handler
                0x000002e4                PDEC_1_Handler
                0x000002e4                TCC4_1_Handler
                0x000002e4                SERCOM5_3_Handler
                0x000002e4                USB_2_Handler
                0x000002e4                SERCOM6_1_Handler
                0x000002e4                SDHC0_Handler
                0x000002e4                SERCOM1_1_Handler
                0x000002e4                I2S_Handler
                0x000002e4                EIC_2_Handler
                0x000002e4                PCC_Handler
                0x000002e4                DAC_0_Handler
                0x000002e4                TCC0_1_Handler
                0x000002e4                SERCOM1_3_Handler
                0x000002e4                EIC_6_Handler
                0x000002e4                OSCCTRL_1_Handler
                0x000002e4                SERCOM1_0_Handler
                0x000002e4                PUKCC_Handler
                0x000002e4                SERCOM2_1_Handler
                0x000002e4                SERCOM1_2_Handler
                0x000002e4                SERCOM3_0_Handler
                0x000002e4                EIC_1_Handler
                0x000002e4                SERCOM4_2_Handler
                0x000002e4                EVSYS_4_Handler
                0x000002e4                EIC_7_Handler
                0x000002e4                NVMCTRL_1_Handler
                0x000002e4                SERCOM5_2_Handler
                0x000002e4                SERCOM3_3_Handler
                0x000002e4                ADC0_1_Handler
                0x000002e4                SERCOM2_2_Handler
                0x000002e4                TCC3_1_Handler
                0x000002e4                EIC_14_Handler
                0x000002e4                DAC_1_Handler
                0x000002e4                NVMCTRL_0_Handler
                0x000002e4                MCLK_Handler
                0x000002e4                EVSYS_2_Handler
                0x000002e4                SUPC_0_Handler
                0x000002e4                BusFault_Handler
                0x000002e4                FREQM_Handler
                0x000002e4                TC0_Handler
                0x000002e4                TCC0_3_Handler
                0x000002e4                DMAC_3_Handler
                0x000002e4                DebugMonitor_Handler
                0x000002e4                TCC0_4_Handler
                0x000002e4                TC5_Handler
                0x000002e4                SERCOM2_0_Handler
                0x000002e4                AES_Handler
                0x000002e4                ICM_Handler
 *fill*         0x000002e6        0x2 
 .text.Reset_Handler
                0x000002e8       0x98 Device_Startup/startup_same54.o
                0x000002e8                Reset_Handler
 .text.TARGET_IO_PORT_init
                0x00000380       0x48 driver_init.o
                0x00000380                TARGET_IO_PORT_init
 .text.TARGET_IO_CLOCK_init
                0x000003c8       0x24 driver_init.o
                0x000003c8                TARGET_IO_CLOCK_init
 .text.TARGET_IO_init
                0x000003ec       0x2c driver_init.o
                0x000003ec                TARGET_IO_init
 .text.CAN_0_PORT_init
                0x00000418       0x48 driver_init.o
                0x00000418                CAN_0_PORT_init
 .text.CAN_0_init
                0x00000460       0x3c driver_init.o
                0x00000460                CAN_0_init
 .text.system_init
                0x0000049c       0x4c driver_init.o
                0x0000049c                system_init
 .text.can_tx_done
                0x000004e8        0xa hal/src/hal_can_async.o
 .text.can_rx_done
                0x000004f2        0xa hal/src/hal_can_async.o
 .text.can_irq_handler
                0x000004fc        0xa hal/src/hal_can_async.o
 *fill*         0x00000506        0x2 
 .text.can_async_init
                0x00000508       0x50 hal/src/hal_can_async.o
                0x00000508                can_async_init
 .text.can_async_enable
                0x00000558       0x28 hal/src/hal_can_async.o
                0x00000558                can_async_enable
 .text.can_async_read
                0x00000580       0x30 hal/src/hal_can_async.o
                0x00000580                can_async_read
 .text.can_async_write
                0x000005b0       0x30 hal/src/hal_can_async.o
                0x000005b0                can_async_write
 .text.can_async_register_callback
                0x000005e0       0x50 hal/src/hal_can_async.o
                0x000005e0                can_async_register_callback
 .text.can_async_set_filter
                0x00000630       0x34 hal/src/hal_can_async.o
                0x00000630                can_async_set_filter
 .text.io_write
                0x00000664       0x30 hal/src/hal_io.o
                0x00000664                io_write
 .text.io_read  0x00000694       0x30 hal/src/hal_io.o
                0x00000694                io_read
 .text.usart_sync_write
                0x000006c4       0x74 hal/src/hal_usart_sync.o
 .text.usart_sync_read
                0x00000738       0x60 hal/src/hal_usart_sync.o
 .text.usart_sync_init
                0x00000798       0x48 hal/src/hal_usart_sync.o
                0x00000798                usart_sync_init
 .text.usart_sync_enable
                0x000007e0       0x2c hal/src/hal_usart_sync.o
                0x000007e0                usart_sync_enable
 .text.assert   0x0000080c        0x6 hal/utils/src/utils_assert.o
                0x0000080c                assert
 *fill*         0x00000812        0x2 
 .text._sbrk    0x00000814       0x24 hal/utils/src/utils_syscalls.o
                0x00000814                _sbrk
 .text._close   0x00000838        0x6 hal/utils/src/utils_syscalls.o
                0x00000838                _close
 .text._fstat   0x0000083e        0xa hal/utils/src/utils_syscalls.o
                0x0000083e                _fstat
 .text._isatty  0x00000848        0x4 hal/utils/src/utils_syscalls.o
                0x00000848                _isatty
 .text._lseek   0x0000084c        0x4 hal/utils/src/utils_syscalls.o
                0x0000084c                _lseek
 .text._can_async_init
                0x00000850      0x11c hpl/can/hpl_can.o
                0x00000850                _can_async_init
 .text._can_async_enable
                0x0000096c        0xe hpl/can/hpl_can.o
                0x0000096c                _can_async_enable
 *fill*         0x0000097a        0x2 
 .text._can_async_read
                0x0000097c       0xb4 hpl/can/hpl_can.o
                0x0000097c                _can_async_read
 .text._can_async_write
                0x00000a30      0x118 hpl/can/hpl_can.o
                0x00000a30                _can_async_write
 .text._can_async_set_irq_state
                0x00000b48       0x44 hpl/can/hpl_can.o
                0x00000b48                _can_async_set_irq_state
 .text._can_async_set_filter
                0x00000b8c       0x80 hpl/can/hpl_can.o
                0x00000b8c                _can_async_set_filter
 .text.CAN1_Handler
                0x00000c0c       0x7c hpl/can/hpl_can.o
                0x00000c0c                CAN1_Handler
 .text._init_chip
                0x00000c88       0x40 hpl/core/hpl_init.o
                0x00000c88                _init_chip
 .text._gclk_init_generators_by_fref
                0x00000cc8       0x5c hpl/gclk/hpl_gclk.o
                0x00000cc8                _gclk_init_generators_by_fref
 .text._mclk_init
                0x00000d24        0xc hpl/mclk/hpl_mclk.o
                0x00000d24                _mclk_init
 .text._osc32kctrl_init_sources
                0x00000d30       0x20 hpl/osc32kctrl/hpl_osc32kctrl.o
                0x00000d30                _osc32kctrl_init_sources
 .text._oscctrl_init_sources
                0x00000d50        0x2 hpl/oscctrl/hpl_oscctrl.o
                0x00000d50                _oscctrl_init_sources
 *fill*         0x00000d52        0x2 
 .text._oscctrl_init_referenced_generators
                0x00000d54       0x44 hpl/oscctrl/hpl_oscctrl.o
                0x00000d54                _oscctrl_init_referenced_generators
 .text.RAMECC_Handler
                0x00000d98       0x44 hpl/ramecc/hpl_ramecc.o
                0x00000d98                RAMECC_Handler
 .text._sercom_get_hardware_index
                0x00000ddc       0x44 hpl/sercom/hpl_sercom.o
 .text._usart_init
                0x00000e20       0xa0 hpl/sercom/hpl_sercom.o
 .text._usart_sync_init
                0x00000ec0       0x2c hpl/sercom/hpl_sercom.o
                0x00000ec0                _usart_sync_init
 .text._usart_sync_enable
                0x00000eec       0x14 hpl/sercom/hpl_sercom.o
                0x00000eec                _usart_sync_enable
 .text._usart_sync_write_byte
                0x00000f00        0x6 hpl/sercom/hpl_sercom.o
                0x00000f00                _usart_sync_write_byte
 .text._usart_sync_read_byte
                0x00000f06        0x8 hpl/sercom/hpl_sercom.o
                0x00000f06                _usart_sync_read_byte
 .text._usart_sync_is_ready_to_send
                0x00000f0e        0xa hpl/sercom/hpl_sercom.o
                0x00000f0e                _usart_sync_is_ready_to_send
 .text._usart_sync_is_transmit_done
                0x00000f18        0xa hpl/sercom/hpl_sercom.o
                0x00000f18                _usart_sync_is_transmit_done
 .text._usart_sync_is_byte_received
                0x00000f22        0xa hpl/sercom/hpl_sercom.o
                0x00000f22                _usart_sync_is_byte_received
 .text.CAN_std_tx_callback
                0x00000f2c       0x44 main.o
 .text.CAN_0_tx_callback
                0x00000f70       0x14 main.o
 .text.CAN_0_rx_callback
                0x00000f84       0x58 main.o
 .text.main     0x00000fdc      0x420 main.o
                0x00000fdc                main
 .text._read    0x000013fc       0x20 stdio_redirect/gcc/read.o
                0x000013fc                _read
 .text._write   0x0000141c       0x24 stdio_redirect/gcc/write.o
                0x0000141c                _write
 .text.stdio_io_init
                0x00001440       0x2c stdio_redirect/stdio_io.o
                0x00001440                stdio_io_init
 .text.stdio_io_read
                0x0000146c       0x24 stdio_redirect/stdio_io.o
                0x0000146c                stdio_io_read
 .text.stdio_io_write
                0x00001490       0x24 stdio_redirect/stdio_io.o
                0x00001490                stdio_io_write
 .text.stdio_redirect_init
                0x000014b4       0x20 stdio_start.o
                0x000014b4                stdio_redirect_init
 .text.__libc_init_array
                0x000014d4       0x48 c:/program files (x86)/atmel/studio/7.0/toolchain/arm/arm-gnu-toolchain/bin/../lib/gcc/arm-none-eabi/6.3.1/../../../../arm-none-eabi/lib/thumb/v7e-m\libc_nano.a(lib_a-init.o)
                0x000014d4                __libc_init_array
 .text.memcpy   0x0000151c       0x16 c:/program files (x86)/atmel/studio/7.0/toolchain/arm/arm-gnu-toolchain/bin/../lib/gcc/arm-none-eabi/6.3.1/../../../../arm-none-eabi/lib/thumb/v7e-m\libc_nano.a(lib_a-memcpy-stub.o)
                0x0000151c                memcpy
 .text.memset   0x00001532       0x10 c:/program files (x86)/atmel/studio/7.0/toolchain/arm/arm-gnu-toolchain/bin/../lib/gcc/arm-none-eabi/6.3.1/../../../../arm-none-eabi/lib/thumb/v7e-m\libc_nano.a(lib_a-memset.o)
                0x00001532                memset
 *fill*         0x00001542        0x2 
 .text.printf   0x00001544       0x30 c:/program files (x86)/atmel/studio/7.0/toolchain/arm/arm-gnu-toolchain/bin/../lib/gcc/arm-none-eabi/6.3.1/../../../../arm-none-eabi/lib/thumb/v7e-m\libc_nano.a(lib_a-printf.o)
                0x00001544                iprintf
                0x00001544                printf
 .text._puts_r  0x00001574       0xb8 c:/program files (x86)/atmel/studio/7.0/toolchain/arm/arm-gnu-toolchain/bin/../lib/gcc/arm-none-eabi/6.3.1/../../../../arm-none-eabi/lib/thumb/v7e-m\libc_nano.a(lib_a-puts.o)
                0x00001574                _puts_r
 .text.puts     0x0000162c       0x10 c:/program files (x86)/atmel/studio/7.0/toolchain/arm/arm-gnu-toolchain/bin/../lib/gcc/arm-none-eabi/6.3.1/../../../../arm-none-eabi/lib/thumb/v7e-m\libc_nano.a(lib_a-puts.o)
                0x0000162c                puts
 .text.scanf    0x0000163c       0x30 c:/program files (x86)/atmel/studio/7.0/toolchain/arm/arm-gnu-toolchain/bin/../lib/gcc/arm-none-eabi/6.3.1/../../../../arm-none-eabi/lib/thumb/v7e-m\libc_nano.a(lib_a-scanf.o)
                0x0000163c                scanf
                0x0000163c                iscanf
 .text.setbuf   0x0000166c       0x10 c:/program files (x86)/atmel/studio/7.0/toolchain/arm/arm-gnu-toolchain/bin/../lib/gcc/arm-none-eabi/6.3.1/../../../../arm-none-eabi/lib/thumb/v7e-m\libc_nano.a(lib_a-setbuf.o)
                0x0000166c                setbuf
 .text.setvbuf  0x0000167c      0x15c c:/program files (x86)/atmel/studio/7.0/toolchain/arm/arm-gnu-toolchain/bin/../lib/gcc/arm-none-eabi/6.3.1/../../../../arm-none-eabi/lib/thumb/v7e-m\libc_nano.a(lib_a-setvbuf.o)
                0x0000167c                setvbuf
 .text.__swbuf_r
                0x000017d8       0xa4 c:/program files (x86)/atmel/studio/7.0/toolchain/arm/arm-gnu-toolchain/bin/../lib/gcc/arm-none-eabi/6.3.1/../../../../arm-none-eabi/lib/thumb/v7e-m\libc_nano.a(lib_a-wbuf.o)
                0x000017d8                __swbuf_r
 .text.__swsetup_r
                0x0000187c       0xdc c:/program files (x86)/atmel/studio/7.0/toolchain/arm/arm-gnu-toolchain/bin/../lib/gcc/arm-none-eabi/6.3.1/../../../../arm-none-eabi/lib/thumb/v7e-m\libc_nano.a(lib_a-wsetup.o)
                0x0000187c                __swsetup_r
 .text.__sflush_r
                0x00001958      0x110 c:/program files (x86)/atmel/studio/7.0/toolchain/arm/arm-gnu-toolchain/bin/../lib/gcc/arm-none-eabi/6.3.1/../../../../arm-none-eabi/lib/thumb/v7e-m\libc_nano.a(lib_a-fflush.o)
                0x00001958                __sflush_r
 .text._fflush_r
                0x00001a68       0x54 c:/program files (x86)/atmel/studio/7.0/toolchain/arm/arm-gnu-toolchain/bin/../lib/gcc/arm-none-eabi/6.3.1/../../../../arm-none-eabi/lib/thumb/v7e-m\libc_nano.a(lib_a-fflush.o)
                0x00001a68                _fflush_r
 .text.fflush   0x00001abc       0x24 c:/program files (x86)/atmel/studio/7.0/toolchain/arm/arm-gnu-toolchain/bin/../lib/gcc/arm-none-eabi/6.3.1/../../../../arm-none-eabi/lib/thumb/v7e-m\libc_nano.a(lib_a-fflush.o)
                0x00001abc                fflush
 .text._cleanup_r
                0x00001ae0        0xc c:/program files (x86)/atmel/studio/7.0/toolchain/arm/arm-gnu-toolchain/bin/../lib/gcc/arm-none-eabi/6.3.1/../../../../arm-none-eabi/lib/thumb/v7e-m\libc_nano.a(lib_a-findfp.o)
                0x00001ae0                _cleanup_r
 .text.std.isra.0
                0x00001aec       0x48 c:/program files (x86)/atmel/studio/7.0/toolchain/arm/arm-gnu-toolchain/bin/../lib/gcc/arm-none-eabi/6.3.1/../../../../arm-none-eabi/lib/thumb/v7e-m\libc_nano.a(lib_a-findfp.o)
 .text.__sfmoreglue
                0x00001b34       0x2c c:/program files (x86)/atmel/studio/7.0/toolchain/arm/arm-gnu-toolchain/bin/../lib/gcc/arm-none-eabi/6.3.1/../../../../arm-none-eabi/lib/thumb/v7e-m\libc_nano.a(lib_a-findfp.o)
                0x00001b34                __sfmoreglue
 .text.__sinit  0x00001b60       0x60 c:/program files (x86)/atmel/studio/7.0/toolchain/arm/arm-gnu-toolchain/bin/../lib/gcc/arm-none-eabi/6.3.1/../../../../arm-none-eabi/lib/thumb/v7e-m\libc_nano.a(lib_a-findfp.o)
                0x00001b60                __sinit
 .text.__sfp    0x00001bc0       0x78 c:/program files (x86)/atmel/studio/7.0/toolchain/arm/arm-gnu-toolchain/bin/../lib/gcc/arm-none-eabi/6.3.1/../../../../arm-none-eabi/lib/thumb/v7e-m\libc_nano.a(lib_a-findfp.o)
                0x00001bc0                __sfp
 .text._fwalk   0x00001c38       0x38 c:/program files (x86)/atmel/studio/7.0/toolchain/arm/arm-gnu-toolchain/bin/../lib/gcc/arm-none-eabi/6.3.1/../../../../arm-none-eabi/lib/thumb/v7e-m\libc_nano.a(lib_a-fwalk.o)
                0x00001c38                _fwalk
 .text._fwalk_reent
                0x00001c70       0x3c c:/program files (x86)/atmel/studio/7.0/toolchain/arm/arm-gnu-toolchain/bin/../lib/gcc/arm-none-eabi/6.3.1/../../../../arm-none-eabi/lib/thumb/v7e-m\libc_nano.a(lib_a-fwalk.o)
                0x00001c70                _fwalk_reent
 .text.__swhatbuf_r
                0x00001cac       0x48 c:/program files (x86)/atmel/studio/7.0/toolchain/arm/arm-gnu-toolchain/bin/../lib/gcc/arm-none-eabi/6.3.1/../../../../arm-none-eabi/lib/thumb/v7e-m\libc_nano.a(lib_a-makebuf.o)
                0x00001cac                __swhatbuf_r
 .text.__smakebuf_r
                0x00001cf4       0x80 c:/program files (x86)/atmel/studio/7.0/toolchain/arm/arm-gnu-toolchain/bin/../lib/gcc/arm-none-eabi/6.3.1/../../../../arm-none-eabi/lib/thumb/v7e-m\libc_nano.a(lib_a-makebuf.o)
                0x00001cf4                __smakebuf_r
 .text.malloc   0x00001d74       0x10 c:/program files (x86)/atmel/studio/7.0/toolchain/arm/arm-gnu-toolchain/bin/../lib/gcc/arm-none-eabi/6.3.1/../../../../arm-none-eabi/lib/thumb/v7e-m\libc_nano.a(lib_a-malloc.o)
                0x00001d74                malloc
 .text._free_r  0x00001d84       0x9c c:/program files (x86)/atmel/studio/7.0/toolchain/arm/arm-gnu-toolchain/bin/../lib/gcc/arm-none-eabi/6.3.1/../../../../arm-none-eabi/lib/thumb/v7e-m\libc_nano.a(lib_a-nano-freer.o)
                0x00001d84                _free_r
 .text._malloc_r
                0x00001e20       0xbc c:/program files (x86)/atmel/studio/7.0/toolchain/arm/arm-gnu-toolchain/bin/../lib/gcc/arm-none-eabi/6.3.1/../../../../arm-none-eabi/lib/thumb/v7e-m\libc_nano.a(lib_a-nano-mallocr.o)
                0x00001e20                _malloc_r
 .text.__sfputc_r
                0x00001edc       0x2c c:/program files (x86)/atmel/studio/7.0/toolchain/arm/arm-gnu-toolchain/bin/../lib/gcc/arm-none-eabi/6.3.1/../../../../arm-none-eabi/lib/thumb/v7e-m\libc_nano.a(lib_a-nano-vfprintf.o)
 .text.__sfputs_r
                0x00001f08       0x24 c:/program files (x86)/atmel/studio/7.0/toolchain/arm/arm-gnu-toolchain/bin/../lib/gcc/arm-none-eabi/6.3.1/../../../../arm-none-eabi/lib/thumb/v7e-m\libc_nano.a(lib_a-nano-vfprintf.o)
                0x00001f08                __sfputs_r
 .text._vfprintf_r
                0x00001f2c      0x22c c:/program files (x86)/atmel/studio/7.0/toolchain/arm/arm-gnu-toolchain/bin/../lib/gcc/arm-none-eabi/6.3.1/../../../../arm-none-eabi/lib/thumb/v7e-m\libc_nano.a(lib_a-nano-vfprintf.o)
                0x00001f2c                _vfprintf_r
                0x00001f2c                _vfiprintf_r
 .text._printf_common
                0x00002158       0xec c:/program files (x86)/atmel/studio/7.0/toolchain/arm/arm-gnu-toolchain/bin/../lib/gcc/arm-none-eabi/6.3.1/../../../../arm-none-eabi/lib/thumb/v7e-m\libc_nano.a(lib_a-nano-vfprintf_i.o)
                0x00002158                _printf_common
 .text._printf_i
                0x00002244      0x240 c:/program files (x86)/atmel/studio/7.0/toolchain/arm/arm-gnu-toolchain/bin/../lib/gcc/arm-none-eabi/6.3.1/../../../../arm-none-eabi/lib/thumb/v7e-m\libc_nano.a(lib_a-nano-vfprintf_i.o)
                0x00002244                _printf_i
 .text.__svfscanf_r
                0x00002484      0x2a8 c:/program files (x86)/atmel/studio/7.0/toolchain/arm/arm-gnu-toolchain/bin/../lib/gcc/arm-none-eabi/6.3.1/../../../../arm-none-eabi/lib/thumb/v7e-m\libc_nano.a(lib_a-nano-vfscanf.o)
                0x00002484                __svfscanf_r
                0x00002484                __svfiscanf_r
 .text._vfscanf_r
                0x0000272c       0x50 c:/program files (x86)/atmel/studio/7.0/toolchain/arm/arm-gnu-toolchain/bin/../lib/gcc/arm-none-eabi/6.3.1/../../../../arm-none-eabi/lib/thumb/v7e-m\libc_nano.a(lib_a-nano-vfscanf.o)
                0x0000272c                _vfscanf_r
                0x0000272c                _vfiscanf_r
 .text._scanf_chars
                0x0000277c       0xc8 c:/program files (x86)/atmel/studio/7.0/toolchain/arm/arm-gnu-toolchain/bin/../lib/gcc/arm-none-eabi/6.3.1/../../../../arm-none-eabi/lib/thumb/v7e-m\libc_nano.a(lib_a-nano-vfscanf_i.o)
                0x0000277c                _scanf_chars
 .text._scanf_i
                0x00002844      0x1e8 c:/program files (x86)/atmel/studio/7.0/toolchain/arm/arm-gnu-toolchain/bin/../lib/gcc/arm-none-eabi/6.3.1/../../../../arm-none-eabi/lib/thumb/v7e-m\libc_nano.a(lib_a-nano-vfscanf_i.o)
                0x00002844                _scanf_i
 .text.lflush   0x00002a2c       0x12 c:/program files (x86)/atmel/studio/7.0/toolchain/arm/arm-gnu-toolchain/bin/../lib/gcc/arm-none-eabi/6.3.1/../../../../arm-none-eabi/lib/thumb/v7e-m\libc_nano.a(lib_a-refill.o)
 *fill*         0x00002a3e        0x2 
 .text.__srefill_r
                0x00002a40      0x114 c:/program files (x86)/atmel/studio/7.0/toolchain/arm/arm-gnu-toolchain/bin/../lib/gcc/arm-none-eabi/6.3.1/../../../../arm-none-eabi/lib/thumb/v7e-m\libc_nano.a(lib_a-refill.o)
                0x00002a40                __srefill_r
 .text._sbrk_r  0x00002b54       0x20 c:/program files (x86)/atmel/studio/7.0/toolchain/arm/arm-gnu-toolchain/bin/../lib/gcc/arm-none-eabi/6.3.1/../../../../arm-none-eabi/lib/thumb/v7e-m\libc_nano.a(lib_a-sbrkr.o)
                0x00002b54                _sbrk_r
 .text.__sccl   0x00002b74       0x60 c:/program files (x86)/atmel/studio/7.0/toolchain/arm/arm-gnu-toolchain/bin/../lib/gcc/arm-none-eabi/6.3.1/../../../../arm-none-eabi/lib/thumb/v7e-m\libc_nano.a(lib_a-sccl.o)
                0x00002b74                __sccl
 .text.__sread  0x00002bd4       0x22 c:/program files (x86)/atmel/studio/7.0/toolchain/arm/arm-gnu-toolchain/bin/../lib/gcc/arm-none-eabi/6.3.1/../../../../arm-none-eabi/lib/thumb/v7e-m\libc_nano.a(lib_a-stdio.o)
                0x00002bd4                __sread
 .text.__swrite
                0x00002bf6       0x38 c:/program files (x86)/atmel/studio/7.0/toolchain/arm/arm-gnu-toolchain/bin/../lib/gcc/arm-none-eabi/6.3.1/../../../../arm-none-eabi/lib/thumb/v7e-m\libc_nano.a(lib_a-stdio.o)
                0x00002bf6                __swrite
 .text.__sseek  0x00002c2e       0x24 c:/program files (x86)/atmel/studio/7.0/toolchain/arm/arm-gnu-toolchain/bin/../lib/gcc/arm-none-eabi/6.3.1/../../../../arm-none-eabi/lib/thumb/v7e-m\libc_nano.a(lib_a-stdio.o)
                0x00002c2e                __sseek
 .text.__sclose
                0x00002c52        0x8 c:/program files (x86)/atmel/studio/7.0/toolchain/arm/arm-gnu-toolchain/bin/../lib/gcc/arm-none-eabi/6.3.1/../../../../arm-none-eabi/lib/thumb/v7e-m\libc_nano.a(lib_a-stdio.o)
                0x00002c52                __sclose
 .text._strtol_l.isra.0
                0x00002c5a      0x100 c:/program files (x86)/atmel/studio/7.0/toolchain/arm/arm-gnu-toolchain/bin/../lib/gcc/arm-none-eabi/6.3.1/../../../../arm-none-eabi/lib/thumb/v7e-m\libc_nano.a(lib_a-strtol.o)
 *fill*         0x00002d5a        0x2 
 .text._strtol_r
                0x00002d5c       0x24 c:/program files (x86)/atmel/studio/7.0/toolchain/arm/arm-gnu-toolchain/bin/../lib/gcc/arm-none-eabi/6.3.1/../../../../arm-none-eabi/lib/thumb/v7e-m\libc_nano.a(lib_a-strtol.o)
                0x00002d5c                _strtol_r
 .text._strtoul_l.isra.0
                0x00002d80       0xfa c:/program files (x86)/atmel/studio/7.0/toolchain/arm/arm-gnu-toolchain/bin/../lib/gcc/arm-none-eabi/6.3.1/../../../../arm-none-eabi/lib/thumb/v7e-m\libc_nano.a(lib_a-strtoul.o)
 *fill*         0x00002e7a        0x2 
 .text._strtoul_r
                0x00002e7c       0x24 c:/program files (x86)/atmel/studio/7.0/toolchain/arm/arm-gnu-toolchain/bin/../lib/gcc/arm-none-eabi/6.3.1/../../../../arm-none-eabi/lib/thumb/v7e-m\libc_nano.a(lib_a-strtoul.o)
                0x00002e7c                _strtoul_r
 .text.__submore
                0x00002ea0       0x76 c:/program files (x86)/atmel/studio/7.0/toolchain/arm/arm-gnu-toolchain/bin/../lib/gcc/arm-none-eabi/6.3.1/../../../../arm-none-eabi/lib/thumb/v7e-m\libc_nano.a(lib_a-ungetc.o)
                0x00002ea0                __submore
 *fill*         0x00002f16        0x2 
 .text._ungetc_r
                0x00002f18       0xe4 c:/program files (x86)/atmel/studio/7.0/toolchain/arm/arm-gnu-toolchain/bin/../lib/gcc/arm-none-eabi/6.3.1/../../../../arm-none-eabi/lib/thumb/v7e-m\libc_nano.a(lib_a-ungetc.o)
                0x00002f18                _ungetc_r
 .text._write_r
                0x00002ffc       0x24 c:/program files (x86)/atmel/studio/7.0/toolchain/arm/arm-gnu-toolchain/bin/../lib/gcc/arm-none-eabi/6.3.1/../../../../arm-none-eabi/lib/thumb/v7e-m\libc_nano.a(lib_a-writer.o)
                0x00002ffc                _write_r
 .text._close_r
                0x00003020       0x20 c:/program files (x86)/atmel/studio/7.0/toolchain/arm/arm-gnu-toolchain/bin/../lib/gcc/arm-none-eabi/6.3.1/../../../../arm-none-eabi/lib/thumb/v7e-m\libc_nano.a(lib_a-closer.o)
                0x00003020                _close_r
 .text._fstat_r
                0x00003040       0x24 c:/program files (x86)/atmel/studio/7.0/toolchain/arm/arm-gnu-toolchain/bin/../lib/gcc/arm-none-eabi/6.3.1/../../../../arm-none-eabi/lib/thumb/v7e-m\libc_nano.a(lib_a-fstatr.o)
                0x00003040                _fstat_r
 .text._isatty_r
                0x00003064       0x20 c:/program files (x86)/atmel/studio/7.0/toolchain/arm/arm-gnu-toolchain/bin/../lib/gcc/arm-none-eabi/6.3.1/../../../../arm-none-eabi/lib/thumb/v7e-m\libc_nano.a(lib_a-isattyr.o)
                0x00003064                _isatty_r
 .text.__locale_ctype_ptr_l
                0x00003084        0x6 c:/program files (x86)/atmel/studio/7.0/toolchain/arm/arm-gnu-toolchain/bin/../lib/gcc/arm-none-eabi/6.3.1/../../../../arm-none-eabi/lib/thumb/v7e-m\libc_nano.a(lib_a-locale.o)
                0x00003084                __locale_ctype_ptr_l
 *fill*         0x0000308a        0x2 
 .text.__locale_ctype_ptr
                0x0000308c       0x1c c:/program files (x86)/atmel/studio/7.0/toolchain/arm/arm-gnu-toolchain/bin/../lib/gcc/arm-none-eabi/6.3.1/../../../../arm-none-eabi/lib/thumb/v7e-m\libc_nano.a(lib_a-locale.o)
                0x0000308c                __locale_ctype_ptr
 .text._lseek_r
                0x000030a8       0x24 c:/program files (x86)/atmel/studio/7.0/toolchain/arm/arm-gnu-toolchain/bin/../lib/gcc/arm-none-eabi/6.3.1/../../../../arm-none-eabi/lib/thumb/v7e-m\libc_nano.a(lib_a-lseekr.o)
                0x000030a8                _lseek_r
 .text.__ascii_mbtowc
                0x000030cc       0x24 c:/program files (x86)/atmel/studio/7.0/toolchain/arm/arm-gnu-toolchain/bin/../lib/gcc/arm-none-eabi/6.3.1/../../../../arm-none-eabi/lib/thumb/v7e-m\libc_nano.a(lib_a-mbtowc_r.o)
                0x000030cc                __ascii_mbtowc
 .text          0x000030f0       0xa0 c:/program files (x86)/atmel/studio/7.0/toolchain/arm/arm-gnu-toolchain/bin/../lib/gcc/arm-none-eabi/6.3.1/../../../../arm-none-eabi/lib/thumb/v7e-m\libc_nano.a(lib_a-memchr.o)
                0x000030f0                memchr
 .text.__malloc_lock
                0x00003190        0x2 c:/program files (x86)/atmel/studio/7.0/toolchain/arm/arm-gnu-toolchain/bin/../lib/gcc/arm-none-eabi/6.3.1/../../../../arm-none-eabi/lib/thumb/v7e-m\libc_nano.a(lib_a-mlock.o)
                0x00003190                __malloc_lock
 .text.__malloc_unlock
                0x00003192        0x2 c:/program files (x86)/atmel/studio/7.0/toolchain/arm/arm-gnu-toolchain/bin/../lib/gcc/arm-none-eabi/6.3.1/../../../../arm-none-eabi/lib/thumb/v7e-m\libc_nano.a(lib_a-mlock.o)
                0x00003192                __malloc_unlock
 .text._realloc_r
                0x00003194       0x4c c:/program files (x86)/atmel/studio/7.0/toolchain/arm/arm-gnu-toolchain/bin/../lib/gcc/arm-none-eabi/6.3.1/../../../../arm-none-eabi/lib/thumb/v7e-m\libc_nano.a(lib_a-nano-reallocr.o)
                0x00003194                _realloc_r
 .text._read_r  0x000031e0       0x24 c:/program files (x86)/atmel/studio/7.0/toolchain/arm/arm-gnu-toolchain/bin/../lib/gcc/arm-none-eabi/6.3.1/../../../../arm-none-eabi/lib/thumb/v7e-m\libc_nano.a(lib_a-readr.o)
                0x000031e0                _read_r
 .text.__ascii_wctomb
                0x00003204       0x1a c:/program files (x86)/atmel/studio/7.0/toolchain/arm/arm-gnu-toolchain/bin/../lib/gcc/arm-none-eabi/6.3.1/../../../../arm-none-eabi/lib/thumb/v7e-m\libc_nano.a(lib_a-wctomb_r.o)
                0x00003204                __ascii_wctomb
 .text._malloc_usable_size_r
                0x0000321e       0x12 c:/program files (x86)/atmel/studio/7.0/toolchain/arm/arm-gnu-toolchain/bin/../lib/gcc/arm-none-eabi/6.3.1/../../../../arm-none-eabi/lib/thumb/v7e-m\libc_nano.a(lib_a-nano-msizer.o)
                0x0000321e                _malloc_usable_size_r
 *(.glue_7t)
 .glue_7t       0x00003230        0x0 linker stubs
 *(.glue_7)
 .glue_7        0x00003230        0x0 linker stubs
 *(.rodata .rodata* .gnu.linkonce.r.*)
 .rodata.str1.4
                0x00003230       0x1b hal/src/hal_can_async.o
 *fill*         0x0000324b        0x1 
 .rodata.str1.4
                0x0000324c       0x14 hal/src/hal_io.o
 .rodata.str1.4
                0x00003260       0x1c hal/src/hal_usart_sync.o
 .rodata        0x0000327c       0x10 hpl/can/hpl_can.o
 .rodata        0x0000328c       0x38 hpl/sercom/hpl_sercom.o
 .rodata.str1.4
                0x000032c4       0x1b hpl/sercom/hpl_sercom.o
 *fill*         0x000032df        0x1 
 .rodata.str1.4
                0x000032e0      0x5e4 main.o
                                0x5e7 (size before relaxing)
 .rodata._global_impure_ptr
                0x000038c4        0x4 c:/program files (x86)/atmel/studio/7.0/toolchain/arm/arm-gnu-toolchain/bin/../lib/gcc/arm-none-eabi/6.3.1/../../../../arm-none-eabi/lib/thumb/v7e-m\libc_nano.a(lib_a-impure.o)
                0x000038c4                _global_impure_ptr
 .rodata.__sf_fake_stderr
                0x000038c8       0x20 c:/program files (x86)/atmel/studio/7.0/toolchain/arm/arm-gnu-toolchain/bin/../lib/gcc/arm-none-eabi/6.3.1/../../../../arm-none-eabi/lib/thumb/v7e-m\libc_nano.a(lib_a-findfp.o)
                0x000038c8                __sf_fake_stderr
 .rodata.__sf_fake_stdin
                0x000038e8       0x20 c:/program files (x86)/atmel/studio/7.0/toolchain/arm/arm-gnu-toolchain/bin/../lib/gcc/arm-none-eabi/6.3.1/../../../../arm-none-eabi/lib/thumb/v7e-m\libc_nano.a(lib_a-findfp.o)
                0x000038e8                __sf_fake_stdin
 .rodata.__sf_fake_stdout
                0x00003908       0x20 c:/program files (x86)/atmel/studio/7.0/toolchain/arm/arm-gnu-toolchain/bin/../lib/gcc/arm-none-eabi/6.3.1/../../../../arm-none-eabi/lib/thumb/v7e-m\libc_nano.a(lib_a-findfp.o)
                0x00003908                __sf_fake_stdout
 .rodata._vfprintf_r.str1.1
                0x00003928       0x11 c:/program files (x86)/atmel/studio/7.0/toolchain/arm/arm-gnu-toolchain/bin/../lib/gcc/arm-none-eabi/6.3.1/../../../../arm-none-eabi/lib/thumb/v7e-m\libc_nano.a(lib_a-nano-vfprintf.o)
 .rodata._printf_i.str1.1
                0x00003939       0x22 c:/program files (x86)/atmel/studio/7.0/toolchain/arm/arm-gnu-toolchain/bin/../lib/gcc/arm-none-eabi/6.3.1/../../../../arm-none-eabi/lib/thumb/v7e-m\libc_nano.a(lib_a-nano-vfprintf_i.o)
 .rodata.__svfscanf_r.str1.1
                0x0000395b        0x4 c:/program files (x86)/atmel/studio/7.0/toolchain/arm/arm-gnu-toolchain/bin/../lib/gcc/arm-none-eabi/6.3.1/../../../../arm-none-eabi/lib/thumb/v7e-m\libc_nano.a(lib_a-nano-vfscanf.o)
 *fill*         0x0000395b        0x1 
 .rodata        0x0000395c        0xc c:/program files (x86)/atmel/studio/7.0/toolchain/arm/arm-gnu-toolchain/bin/../lib/gcc/arm-none-eabi/6.3.1/../../../../arm-none-eabi/lib/thumb/v7e-m\libc_nano.a(lib_a-nano-vfscanf_i.o)
 .rodata._scanf_i.str1.1
                0x00003968       0x12 c:/program files (x86)/atmel/studio/7.0/toolchain/arm/arm-gnu-toolchain/bin/../lib/gcc/arm-none-eabi/6.3.1/../../../../arm-none-eabi/lib/thumb/v7e-m\libc_nano.a(lib_a-nano-vfscanf_i.o)
 .rodata.str1.1
                0x0000397a        0x9 c:/program files (x86)/atmel/studio/7.0/toolchain/arm/arm-gnu-toolchain/bin/../lib/gcc/arm-none-eabi/6.3.1/../../../../arm-none-eabi/lib/thumb/v7e-m\libc_nano.a(lib_a-nano-vfscanf_i.o)
 .rodata._setlocale_r.str1.1
                0x00003983        0x8 c:/program files (x86)/atmel/studio/7.0/toolchain/arm/arm-gnu-toolchain/bin/../lib/gcc/arm-none-eabi/6.3.1/../../../../arm-none-eabi/lib/thumb/v7e-m\libc_nano.a(lib_a-locale.o)
                                  0x9 (size before relaxing)
 .rodata.str1.1
                0x0000398b        0x2 c:/program files (x86)/atmel/studio/7.0/toolchain/arm/arm-gnu-toolchain/bin/../lib/gcc/arm-none-eabi/6.3.1/../../../../arm-none-eabi/lib/thumb/v7e-m\libc_nano.a(lib_a-locale.o)
 .rodata._ctype_
                0x0000398d      0x101 c:/program files (x86)/atmel/studio/7.0/toolchain/arm/arm-gnu-toolchain/bin/../lib/gcc/arm-none-eabi/6.3.1/../../../../arm-none-eabi/lib/thumb/v7e-m\libc_nano.a(lib_a-ctype_.o)
                0x0000398d                _ctype_
 *(.ARM.extab* .gnu.linkonce.armextab.*)
                0x00003a90                . = ALIGN (0x4)
 *fill*         0x00003a8e        0x2 
 *(.init)
 .init          0x00003a90        0x4 c:/program files (x86)/atmel/studio/7.0/toolchain/arm/arm-gnu-toolchain/bin/../lib/gcc/arm-none-eabi/6.3.1/thumb/v7e-m/crti.o
                0x00003a90                _init
 .init          0x00003a94        0x8 c:/program files (x86)/atmel/studio/7.0/toolchain/arm/arm-gnu-toolchain/bin/../lib/gcc/arm-none-eabi/6.3.1/thumb/v7e-m/crtn.o
                0x00003a9c                . = ALIGN (0x4)
                0x00003a9c                __preinit_array_start = .
 *(.preinit_array)
                0x00003a9c                __preinit_array_end = .
                0x00003a9c                . = ALIGN (0x4)
                0x00003a9c                __init_array_start = .
 *(SORT(.init_array.*))
 *(.init_array)
 .init_array    0x00003a9c        0x4 c:/program files (x86)/atmel/studio/7.0/toolchain/arm/arm-gnu-toolchain/bin/../lib/gcc/arm-none-eabi/6.3.1/thumb/v7e-m/crtbegin.o
                0x00003aa0                __init_array_end = .
                0x00003aa0                . = ALIGN (0x4)
 *crtbegin.o(.ctors)
 *(EXCLUDE_FILE(*crtend.o) .ctors)
 *(SORT(.ctors.*))
 *crtend.o(.ctors)
                0x00003aa0                . = ALIGN (0x4)
 *(.fini)
 .fini          0x00003aa0        0x4 c:/program files (x86)/atmel/studio/7.0/toolchain/arm/arm-gnu-toolchain/bin/../lib/gcc/arm-none-eabi/6.3.1/thumb/v7e-m/crti.o
                0x00003aa0                _fini
 .fini          0x00003aa4        0x8 c:/program files (x86)/atmel/studio/7.0/toolchain/arm/arm-gnu-toolchain/bin/../lib/gcc/arm-none-eabi/6.3.1/thumb/v7e-m/crtn.o
                0x00003aac                . = ALIGN (0x4)
                0x00003aac                __fini_array_start = .
 *(.fini_array)
 .fini_array    0x00003aac        0x4 c:/program files (x86)/atmel/studio/7.0/toolchain/arm/arm-gnu-toolchain/bin/../lib/gcc/arm-none-eabi/6.3.1/thumb/v7e-m/crtbegin.o
 *(SORT(.fini_array.*))
                0x00003ab0                __fini_array_end = .
 *crtbegin.o(.dtors)
 *(EXCLUDE_FILE(*crtend.o) .dtors)
 *(SORT(.dtors.*))
 *crtend.o(.dtors)
                0x00003ab0                . = ALIGN (0x4)
                0x00003ab0                _efixed = .
                [!provide]                PROVIDE (__exidx_start, .)

.vfp11_veneer   0x00003ab0        0x0
 .vfp11_veneer  0x00003ab0        0x0 linker stubs

.v4_bx          0x00003ab0        0x0
 .v4_bx         0x00003ab0        0x0 linker stubs

.iplt           0x00003ab0        0x0
 .iplt          0x00003ab0        0x0 c:/program files (x86)/atmel/studio/7.0/toolchain/arm/arm-gnu-toolchain/bin/../lib/gcc/arm-none-eabi/6.3.1/thumb/v7e-m/crtbegin.o

.eh_frame       0x00003ab0        0x0
 .eh_frame      0x00003ab0        0x0 c:/program files (x86)/atmel/studio/7.0/toolchain/arm/arm-gnu-toolchain/bin/../lib/gcc/arm-none-eabi/6.3.1/thumb/v7e-m/crtbegin.o

.rel.dyn        0x00003ab0        0x0
 .rel.iplt      0x00003ab0        0x0 c:/program files (x86)/atmel/studio/7.0/toolchain/arm/arm-gnu-toolchain/bin/../lib/gcc/arm-none-eabi/6.3.1/thumb/v7e-m/crtbegin.o

.jcr            0x00003ab0        0x0
 .jcr           0x00003ab0        0x0 c:/program files (x86)/atmel/studio/7.0/toolchain/arm/arm-gnu-toolchain/bin/../lib/gcc/arm-none-eabi/6.3.1/thumb/v7e-m/crtbegin.o

.igot.plt       0x00003ab0        0x0
 .igot.plt      0x00003ab0        0x0 c:/program files (x86)/atmel/studio/7.0/toolchain/arm/arm-gnu-toolchain/bin/../lib/gcc/arm-none-eabi/6.3.1/thumb/v7e-m/crtbegin.o

.ARM.exidx
 *(.ARM.exidx* .gnu.linkonce.armexidx.*)
                [!provide]                PROVIDE (__exidx_end, .)
                0x00003ab0                . = ALIGN (0x4)
                0x00003ab0                _etext = .

.relocate       0x20000000      0x1e4 load address 0x00003ab0
                0x20000000                . = ALIGN (0x4)
                0x20000000                _srelocate = .
 *(.ramfunc .ramfunc.*)
 *(.data .data.*)
 .data          0x20000000       0x14 hpl/can/hpl_can.o
                0x20000000                _can1_context
 .data._impure_ptr
                0x20000014        0x4 c:/program files (x86)/atmel/studio/7.0/toolchain/arm/arm-gnu-toolchain/bin/../lib/gcc/arm-none-eabi/6.3.1/../../../../arm-none-eabi/lib/thumb/v7e-m\libc_nano.a(lib_a-impure.o)
                0x20000014                _impure_ptr
 .data.impure_data
                0x20000018       0x60 c:/program files (x86)/atmel/studio/7.0/toolchain/arm/arm-gnu-toolchain/bin/../lib/gcc/arm-none-eabi/6.3.1/../../../../arm-none-eabi/lib/thumb/v7e-m\libc_nano.a(lib_a-impure.o)
 .data.__global_locale
                0x20000078      0x16c c:/program files (x86)/atmel/studio/7.0/toolchain/arm/arm-gnu-toolchain/bin/../lib/gcc/arm-none-eabi/6.3.1/../../../../arm-none-eabi/lib/thumb/v7e-m\libc_nano.a(lib_a-locale.o)
                0x20000078                __global_locale
                0x200001e4                . = ALIGN (0x4)
                0x200001e4                _erelocate = .

.bkupram        0x47000000        0x0
                0x47000000                . = ALIGN (0x8)
                0x47000000                _sbkupram = .
 *(.bkupram .bkupram.*)
                0x47000000                . = ALIGN (0x8)
                0x47000000                _ebkupram = .

.qspi           0x04000000        0x0
                0x04000000                . = ALIGN (0x8)
                0x04000000                _sqspi = .
 *(.qspi .qspi.*)
                0x04000000                . = ALIGN (0x8)
                0x04000000                _eqspi = .

.bss            0x200001e4       0xc0 load address 0x00003c94
                0x200001e4                . = ALIGN (0x4)
                0x200001e4                _sbss = .
                0x200001e4                _szero = .
 *(.bss .bss.*)
 .bss           0x200001e4       0x1c c:/program files (x86)/atmel/studio/7.0/toolchain/arm/arm-gnu-toolchain/bin/../lib/gcc/arm-none-eabi/6.3.1/thumb/v7e-m/crtbegin.o
 .bss           0x20000200        0x4 hal/utils/src/utils_syscalls.o
 .bss           0x20000204       0x2c hpl/can/hpl_can.o
 .bss           0x20000230        0x4 stdio_redirect/stdio_io.o
 .bss.__malloc_free_list
                0x20000234        0x4 c:/program files (x86)/atmel/studio/7.0/toolchain/arm/arm-gnu-toolchain/bin/../lib/gcc/arm-none-eabi/6.3.1/../../../../arm-none-eabi/lib/thumb/v7e-m\libc_nano.a(lib_a-nano-mallocr.o)
                0x20000234                __malloc_free_list
 .bss.__malloc_sbrk_start
                0x20000238        0x4 c:/program files (x86)/atmel/studio/7.0/toolchain/arm/arm-gnu-toolchain/bin/../lib/gcc/arm-none-eabi/6.3.1/../../../../arm-none-eabi/lib/thumb/v7e-m\libc_nano.a(lib_a-nano-mallocr.o)
                0x20000238                __malloc_sbrk_start
 *(COMMON)
 COMMON         0x2000023c       0x34 driver_init.o
                0x2000023c                CAN_0
                0x20000264                TARGET_IO
 COMMON         0x20000270       0x20 hpl/can/hpl_can.o
                0x20000270                can1_tx_fifo
                0x20000280                can1_rx_fifo
 COMMON         0x20000290       0x10 hpl/ramecc/hpl_ramecc.o
                0x20000290                device
 COMMON         0x200002a0        0x4 c:/program files (x86)/atmel/studio/7.0/toolchain/arm/arm-gnu-toolchain/bin/../lib/gcc/arm-none-eabi/6.3.1/../../../../arm-none-eabi/lib/thumb/v7e-m\libc_nano.a(lib_a-reent.o)
                0x200002a0                errno
                0x200002a4                . = ALIGN (0x4)
                0x200002a4                _ebss = .
                0x200002a4                _ezero = .

.stack          0x200002a4    0x10004 load address 0x00003d54
                0x200002a8                . = ALIGN (0x8)
 *fill*         0x200002a4        0x4 
                0x200002a8                _sstack = .
                0x200102a8                . = (. + STACK_SIZE)
 *fill*         0x200002a8    0x10000 
                0x200102a8                . = ALIGN (0x8)
                0x200102a8                _estack = .
                0x200102a8                . = ALIGN (0x4)
                0x200102a8                _end = .
OUTPUT(CANopen_Test.elf elf32-littlearm)

.ARM.attributes
                0x00000000       0x2e
 .ARM.attributes
                0x00000000       0x1e c:/program files (x86)/atmel/studio/7.0/toolchain/arm/arm-gnu-toolchain/bin/../lib/gcc/arm-none-eabi/6.3.1/thumb/v7e-m/crti.o
 .ARM.attributes
                0x0000001e       0x2e c:/program files (x86)/atmel/studio/7.0/toolchain/arm/arm-gnu-toolchain/bin/../lib/gcc/arm-none-eabi/6.3.1/thumb/v7e-m/crtbegin.o
 .ARM.attributes
                0x0000004c       0x37 atmel_start.o
 .ARM.attributes
                0x00000083       0x37 Device_Startup/startup_same54.o
 .ARM.attributes
                0x000000ba       0x37 driver_init.o
 .ARM.attributes
                0x000000f1       0x37 hal/src/hal_can_async.o
 .ARM.attributes
                0x00000128       0x37 hal/src/hal_io.o
 .ARM.attributes
                0x0000015f       0x37 hal/src/hal_usart_sync.o
 .ARM.attributes
                0x00000196       0x37 hal/utils/src/utils_assert.o
 .ARM.attributes
                0x000001cd       0x37 hal/utils/src/utils_syscalls.o
 .ARM.attributes
                0x00000204       0x37 hpl/can/hpl_can.o
 .ARM.attributes
                0x0000023b       0x37 hpl/core/hpl_init.o
 .ARM.attributes
                0x00000272       0x37 hpl/gclk/hpl_gclk.o
 .ARM.attributes
                0x000002a9       0x37 hpl/mclk/hpl_mclk.o
 .ARM.attributes
                0x000002e0       0x37 hpl/osc32kctrl/hpl_osc32kctrl.o
 .ARM.attributes
                0x00000317       0x37 hpl/oscctrl/hpl_oscctrl.o
 .ARM.attributes
                0x0000034e       0x37 hpl/ramecc/hpl_ramecc.o
 .ARM.attributes
                0x00000385       0x37 hpl/sercom/hpl_sercom.o
 .ARM.attributes
                0x000003bc       0x37 main.o
 .ARM.attributes
                0x000003f3       0x37 stdio_redirect/gcc/read.o
 .ARM.attributes
                0x0000042a       0x37 stdio_redirect/gcc/write.o
 .ARM.attributes
                0x00000461       0x37 stdio_redirect/stdio_io.o
 .ARM.attributes
                0x00000498       0x37 stdio_start.o
 .ARM.attributes
                0x000004cf       0x2e c:/program files (x86)/atmel/studio/7.0/toolchain/arm/arm-gnu-toolchain/bin/../lib/gcc/arm-none-eabi/6.3.1/../../../../arm-none-eabi/lib/thumb/v7e-m\libc_nano.a(lib_a-impure.o)
 .ARM.attributes
                0x000004fd       0x2e c:/program files (x86)/atmel/studio/7.0/toolchain/arm/arm-gnu-toolchain/bin/../lib/gcc/arm-none-eabi/6.3.1/../../../../arm-none-eabi/lib/thumb/v7e-m\libc_nano.a(lib_a-init.o)
 .ARM.attributes
                0x0000052b       0x2e c:/program files (x86)/atmel/studio/7.0/toolchain/arm/arm-gnu-toolchain/bin/../lib/gcc/arm-none-eabi/6.3.1/../../../../arm-none-eabi/lib/thumb/v7e-m\libc_nano.a(lib_a-memcpy-stub.o)
 .ARM.attributes
                0x00000559       0x2e c:/program files (x86)/atmel/studio/7.0/toolchain/arm/arm-gnu-toolchain/bin/../lib/gcc/arm-none-eabi/6.3.1/../../../../arm-none-eabi/lib/thumb/v7e-m\libc_nano.a(lib_a-memset.o)
 .ARM.attributes
                0x00000587       0x2e c:/program files (x86)/atmel/studio/7.0/toolchain/arm/arm-gnu-toolchain/bin/../lib/gcc/arm-none-eabi/6.3.1/../../../../arm-none-eabi/lib/thumb/v7e-m\libc_nano.a(lib_a-printf.o)
 .ARM.attributes
                0x000005b5       0x2e c:/program files (x86)/atmel/studio/7.0/toolchain/arm/arm-gnu-toolchain/bin/../lib/gcc/arm-none-eabi/6.3.1/../../../../arm-none-eabi/lib/thumb/v7e-m\libc_nano.a(lib_a-puts.o)
 .ARM.attributes
                0x000005e3       0x2e c:/program files (x86)/atmel/studio/7.0/toolchain/arm/arm-gnu-toolchain/bin/../lib/gcc/arm-none-eabi/6.3.1/../../../../arm-none-eabi/lib/thumb/v7e-m\libc_nano.a(lib_a-scanf.o)
 .ARM.attributes
                0x00000611       0x2e c:/program files (x86)/atmel/studio/7.0/toolchain/arm/arm-gnu-toolchain/bin/../lib/gcc/arm-none-eabi/6.3.1/../../../../arm-none-eabi/lib/thumb/v7e-m\libc_nano.a(lib_a-setbuf.o)
 .ARM.attributes
                0x0000063f       0x2e c:/program files (x86)/atmel/studio/7.0/toolchain/arm/arm-gnu-toolchain/bin/../lib/gcc/arm-none-eabi/6.3.1/../../../../arm-none-eabi/lib/thumb/v7e-m\libc_nano.a(lib_a-setvbuf.o)
 .ARM.attributes
                0x0000066d       0x2e c:/program files (x86)/atmel/studio/7.0/toolchain/arm/arm-gnu-toolchain/bin/../lib/gcc/arm-none-eabi/6.3.1/../../../../arm-none-eabi/lib/thumb/v7e-m\libc_nano.a(lib_a-wbuf.o)
 .ARM.attributes
                0x0000069b       0x2e c:/program files (x86)/atmel/studio/7.0/toolchain/arm/arm-gnu-toolchain/bin/../lib/gcc/arm-none-eabi/6.3.1/../../../../arm-none-eabi/lib/thumb/v7e-m\libc_nano.a(lib_a-wsetup.o)
 .ARM.attributes
                0x000006c9       0x2e c:/program files (x86)/atmel/studio/7.0/toolchain/arm/arm-gnu-toolchain/bin/../lib/gcc/arm-none-eabi/6.3.1/../../../../arm-none-eabi/lib/thumb/v7e-m\libc_nano.a(lib_a-fflush.o)
 .ARM.attributes
                0x000006f7       0x2e c:/program files (x86)/atmel/studio/7.0/toolchain/arm/arm-gnu-toolchain/bin/../lib/gcc/arm-none-eabi/6.3.1/../../../../arm-none-eabi/lib/thumb/v7e-m\libc_nano.a(lib_a-findfp.o)
 .ARM.attributes
                0x00000725       0x2e c:/program files (x86)/atmel/studio/7.0/toolchain/arm/arm-gnu-toolchain/bin/../lib/gcc/arm-none-eabi/6.3.1/../../../../arm-none-eabi/lib/thumb/v7e-m\libc_nano.a(lib_a-fwalk.o)
 .ARM.attributes
                0x00000753       0x2e c:/program files (x86)/atmel/studio/7.0/toolchain/arm/arm-gnu-toolchain/bin/../lib/gcc/arm-none-eabi/6.3.1/../../../../arm-none-eabi/lib/thumb/v7e-m\libc_nano.a(lib_a-makebuf.o)
 .ARM.attributes
                0x00000781       0x2e c:/program files (x86)/atmel/studio/7.0/toolchain/arm/arm-gnu-toolchain/bin/../lib/gcc/arm-none-eabi/6.3.1/../../../../arm-none-eabi/lib/thumb/v7e-m\libc_nano.a(lib_a-malloc.o)
 .ARM.attributes
                0x000007af       0x2e c:/program files (x86)/atmel/studio/7.0/toolchain/arm/arm-gnu-toolchain/bin/../lib/gcc/arm-none-eabi/6.3.1/../../../../arm-none-eabi/lib/thumb/v7e-m\libc_nano.a(lib_a-nano-freer.o)
 .ARM.attributes
                0x000007dd       0x2e c:/program files (x86)/atmel/studio/7.0/toolchain/arm/arm-gnu-toolchain/bin/../lib/gcc/arm-none-eabi/6.3.1/../../../../arm-none-eabi/lib/thumb/v7e-m\libc_nano.a(lib_a-nano-mallocr.o)
 .ARM.attributes
                0x0000080b       0x2e c:/program files (x86)/atmel/studio/7.0/toolchain/arm/arm-gnu-toolchain/bin/../lib/gcc/arm-none-eabi/6.3.1/../../../../arm-none-eabi/lib/thumb/v7e-m\libc_nano.a(lib_a-nano-vfprintf.o)
 .ARM.attributes
                0x00000839       0x2e c:/program files (x86)/atmel/studio/7.0/toolchain/arm/arm-gnu-toolchain/bin/../lib/gcc/arm-none-eabi/6.3.1/../../../../arm-none-eabi/lib/thumb/v7e-m\libc_nano.a(lib_a-nano-vfprintf_i.o)
 .ARM.attributes
                0x00000867       0x2e c:/program files (x86)/atmel/studio/7.0/toolchain/arm/arm-gnu-toolchain/bin/../lib/gcc/arm-none-eabi/6.3.1/../../../../arm-none-eabi/lib/thumb/v7e-m\libc_nano.a(lib_a-nano-vfscanf.o)
 .ARM.attributes
                0x00000895       0x2e c:/program files (x86)/atmel/studio/7.0/toolchain/arm/arm-gnu-toolchain/bin/../lib/gcc/arm-none-eabi/6.3.1/../../../../arm-none-eabi/lib/thumb/v7e-m\libc_nano.a(lib_a-nano-vfscanf_i.o)
 .ARM.attributes
                0x000008c3       0x2e c:/program files (x86)/atmel/studio/7.0/toolchain/arm/arm-gnu-toolchain/bin/../lib/gcc/arm-none-eabi/6.3.1/../../../../arm-none-eabi/lib/thumb/v7e-m\libc_nano.a(lib_a-refill.o)
 .ARM.attributes
                0x000008f1       0x2e c:/program files (x86)/atmel/studio/7.0/toolchain/arm/arm-gnu-toolchain/bin/../lib/gcc/arm-none-eabi/6.3.1/../../../../arm-none-eabi/lib/thumb/v7e-m\libc_nano.a(lib_a-sbrkr.o)
 .ARM.attributes
                0x0000091f       0x2e c:/program files (x86)/atmel/studio/7.0/toolchain/arm/arm-gnu-toolchain/bin/../lib/gcc/arm-none-eabi/6.3.1/../../../../arm-none-eabi/lib/thumb/v7e-m\libc_nano.a(lib_a-sccl.o)
 .ARM.attributes
                0x0000094d       0x2e c:/program files (x86)/atmel/studio/7.0/toolchain/arm/arm-gnu-toolchain/bin/../lib/gcc/arm-none-eabi/6.3.1/../../../../arm-none-eabi/lib/thumb/v7e-m\libc_nano.a(lib_a-stdio.o)
 .ARM.attributes
                0x0000097b       0x2e c:/program files (x86)/atmel/studio/7.0/toolchain/arm/arm-gnu-toolchain/bin/../lib/gcc/arm-none-eabi/6.3.1/../../../../arm-none-eabi/lib/thumb/v7e-m\libc_nano.a(lib_a-strtol.o)
 .ARM.attributes
                0x000009a9       0x2e c:/program files (x86)/atmel/studio/7.0/toolchain/arm/arm-gnu-toolchain/bin/../lib/gcc/arm-none-eabi/6.3.1/../../../../arm-none-eabi/lib/thumb/v7e-m\libc_nano.a(lib_a-strtoul.o)
 .ARM.attributes
                0x000009d7       0x2e c:/program files (x86)/atmel/studio/7.0/toolchain/arm/arm-gnu-toolchain/bin/../lib/gcc/arm-none-eabi/6.3.1/../../../../arm-none-eabi/lib/thumb/v7e-m\libc_nano.a(lib_a-ungetc.o)
 .ARM.attributes
                0x00000a05       0x2e c:/program files (x86)/atmel/studio/7.0/toolchain/arm/arm-gnu-toolchain/bin/../lib/gcc/arm-none-eabi/6.3.1/../../../../arm-none-eabi/lib/thumb/v7e-m\libc_nano.a(lib_a-writer.o)
 .ARM.attributes
                0x00000a33       0x2e c:/program files (x86)/atmel/studio/7.0/toolchain/arm/arm-gnu-toolchain/bin/../lib/gcc/arm-none-eabi/6.3.1/../../../../arm-none-eabi/lib/thumb/v7e-m\libc_nano.a(lib_a-closer.o)
 .ARM.attributes
                0x00000a61       0x2e c:/program files (x86)/atmel/studio/7.0/toolchain/arm/arm-gnu-toolchain/bin/../lib/gcc/arm-none-eabi/6.3.1/../../../../arm-none-eabi/lib/thumb/v7e-m\libc_nano.a(lib_a-fstatr.o)
 .ARM.attributes
                0x00000a8f       0x2e c:/program files (x86)/atmel/studio/7.0/toolchain/arm/arm-gnu-toolchain/bin/../lib/gcc/arm-none-eabi/6.3.1/../../../../arm-none-eabi/lib/thumb/v7e-m\libc_nano.a(lib_a-isattyr.o)
 .ARM.attributes
                0x00000abd       0x2e c:/program files (x86)/atmel/studio/7.0/toolchain/arm/arm-gnu-toolchain/bin/../lib/gcc/arm-none-eabi/6.3.1/../../../../arm-none-eabi/lib/thumb/v7e-m\libc_nano.a(lib_a-locale.o)
 .ARM.attributes
                0x00000aeb       0x2e c:/program files (x86)/atmel/studio/7.0/toolchain/arm/arm-gnu-toolchain/bin/../lib/gcc/arm-none-eabi/6.3.1/../../../../arm-none-eabi/lib/thumb/v7e-m\libc_nano.a(lib_a-lseekr.o)
 .ARM.attributes
                0x00000b19       0x2e c:/program files (x86)/atmel/studio/7.0/toolchain/arm/arm-gnu-toolchain/bin/../lib/gcc/arm-none-eabi/6.3.1/../../../../arm-none-eabi/lib/thumb/v7e-m\libc_nano.a(lib_a-mbtowc_r.o)
 .ARM.attributes
                0x00000b47       0x1c c:/program files (x86)/atmel/studio/7.0/toolchain/arm/arm-gnu-toolchain/bin/../lib/gcc/arm-none-eabi/6.3.1/../../../../arm-none-eabi/lib/thumb/v7e-m\libc_nano.a(lib_a-memchr.o)
 .ARM.attributes
                0x00000b63       0x2e c:/program files (x86)/atmel/studio/7.0/toolchain/arm/arm-gnu-toolchain/bin/../lib/gcc/arm-none-eabi/6.3.1/../../../../arm-none-eabi/lib/thumb/v7e-m\libc_nano.a(lib_a-mlock.o)
 .ARM.attributes
                0x00000b91       0x2e c:/program files (x86)/atmel/studio/7.0/toolchain/arm/arm-gnu-toolchain/bin/../lib/gcc/arm-none-eabi/6.3.1/../../../../arm-none-eabi/lib/thumb/v7e-m\libc_nano.a(lib_a-nano-reallocr.o)
 .ARM.attributes
                0x00000bbf       0x2e c:/program files (x86)/atmel/studio/7.0/toolchain/arm/arm-gnu-toolchain/bin/../lib/gcc/arm-none-eabi/6.3.1/../../../../arm-none-eabi/lib/thumb/v7e-m\libc_nano.a(lib_a-readr.o)
 .ARM.attributes
                0x00000bed       0x2e c:/program files (x86)/atmel/studio/7.0/toolchain/arm/arm-gnu-toolchain/bin/../lib/gcc/arm-none-eabi/6.3.1/../../../../arm-none-eabi/lib/thumb/v7e-m\libc_nano.a(lib_a-reent.o)
 .ARM.attributes
                0x00000c1b       0x2e c:/program files (x86)/atmel/studio/7.0/toolchain/arm/arm-gnu-toolchain/bin/../lib/gcc/arm-none-eabi/6.3.1/../../../../arm-none-eabi/lib/thumb/v7e-m\libc_nano.a(lib_a-wctomb_r.o)
 .ARM.attributes
                0x00000c49       0x2e c:/program files (x86)/atmel/studio/7.0/toolchain/arm/arm-gnu-toolchain/bin/../lib/gcc/arm-none-eabi/6.3.1/../../../../arm-none-eabi/lib/thumb/v7e-m\libc_nano.a(lib_a-ctype_.o)
 .ARM.attributes
                0x00000c77       0x2e c:/program files (x86)/atmel/studio/7.0/toolchain/arm/arm-gnu-toolchain/bin/../lib/gcc/arm-none-eabi/6.3.1/../../../../arm-none-eabi/lib/thumb/v7e-m\libc_nano.a(lib_a-nano-msizer.o)
 .ARM.attributes
                0x00000ca5       0x1e c:/program files (x86)/atmel/studio/7.0/toolchain/arm/arm-gnu-toolchain/bin/../lib/gcc/arm-none-eabi/6.3.1/thumb/v7e-m/crtn.o

.comment        0x00000000       0x59
 .comment       0x00000000       0x59 atmel_start.o
                                 0x5a (size before relaxing)
 .comment       0x00000059       0x5a Device_Startup/startup_same54.o
 .comment       0x00000059       0x5a driver_init.o
 .comment       0x00000059       0x5a hal/src/hal_can_async.o
 .comment       0x00000059       0x5a hal/src/hal_io.o
 .comment       0x00000059       0x5a hal/src/hal_usart_sync.o
 .comment       0x00000059       0x5a hal/utils/src/utils_assert.o
 .comment       0x00000059       0x5a hal/utils/src/utils_syscalls.o
 .comment       0x00000059       0x5a hpl/can/hpl_can.o
 .comment       0x00000059       0x5a hpl/core/hpl_init.o
 .comment       0x00000059       0x5a hpl/gclk/hpl_gclk.o
 .comment       0x00000059       0x5a hpl/mclk/hpl_mclk.o
 .comment       0x00000059       0x5a hpl/osc32kctrl/hpl_osc32kctrl.o
 .comment       0x00000059       0x5a hpl/oscctrl/hpl_oscctrl.o
 .comment       0x00000059       0x5a hpl/ramecc/hpl_ramecc.o
 .comment       0x00000059       0x5a hpl/sercom/hpl_sercom.o
 .comment       0x00000059       0x5a main.o
 .comment       0x00000059       0x5a stdio_redirect/gcc/read.o
 .comment       0x00000059       0x5a stdio_redirect/gcc/write.o
 .comment       0x00000059       0x5a stdio_redirect/stdio_io.o
 .comment       0x00000059       0x5a stdio_start.o

.debug_info     0x00000000    0x288fc
 .debug_info    0x00000000      0xcf3 atmel_start.o
 .debug_info    0x00000cf3      0xd7d Device_Startup/startup_same54.o
 .debug_info    0x00001a70     0x75bc driver_init.o
 .debug_info    0x0000902c      0xa7e hal/src/hal_can_async.o
 .debug_info    0x00009aaa      0x2c5 hal/src/hal_io.o
 .debug_info    0x00009d6f      0xcc9 hal/src/hal_usart_sync.o
 .debug_info    0x0000aa38      0x130 hal/utils/src/utils_assert.o
 .debug_info    0x0000ab68      0xdca hal/utils/src/utils_syscalls.o
 .debug_info    0x0000b932     0x5a88 hpl/can/hpl_can.o
 .debug_info    0x000113ba      0xbce hpl/core/hpl_init.o
 .debug_info    0x00011f88      0x72f hpl/gclk/hpl_gclk.o
 .debug_info    0x000126b7      0xa55 hpl/mclk/hpl_mclk.o
 .debug_info    0x0001310c      0x819 hpl/osc32kctrl/hpl_osc32kctrl.o
 .debug_info    0x00013925     0x12ce hpl/oscctrl/hpl_oscctrl.o
 .debug_info    0x00014bf3      0xc15 hpl/ramecc/hpl_ramecc.o
 .debug_info    0x00015808     0xba5a hpl/sercom/hpl_sercom.o
 .debug_info    0x00021262     0x48a5 main.o
 .debug_info    0x00025b07      0xa5d stdio_redirect/gcc/read.o
 .debug_info    0x00026564      0xa5d stdio_redirect/gcc/write.o
 .debug_info    0x00026fc1      0xbf7 stdio_redirect/stdio_io.o
 .debug_info    0x00027bb8      0xd44 stdio_start.o

.debug_abbrev   0x00000000     0x3117
 .debug_abbrev  0x00000000      0x1ce atmel_start.o
 .debug_abbrev  0x000001ce      0x171 Device_Startup/startup_same54.o
 .debug_abbrev  0x0000033f      0x354 driver_init.o
 .debug_abbrev  0x00000693      0x1a3 hal/src/hal_can_async.o
 .debug_abbrev  0x00000836      0x12d hal/src/hal_io.o
 .debug_abbrev  0x00000963      0x22f hal/src/hal_usart_sync.o
 .debug_abbrev  0x00000b92       0x9e hal/utils/src/utils_assert.o
 .debug_abbrev  0x00000c30      0x269 hal/utils/src/utils_syscalls.o
 .debug_abbrev  0x00000e99      0x4ee hpl/can/hpl_can.o
 .debug_abbrev  0x00001387      0x1dd hpl/core/hpl_init.o
 .debug_abbrev  0x00001564      0x1c9 hpl/gclk/hpl_gclk.o
 .debug_abbrev  0x0000172d      0x1bd hpl/mclk/hpl_mclk.o
 .debug_abbrev  0x000018ea      0x1fc hpl/osc32kctrl/hpl_osc32kctrl.o
 .debug_abbrev  0x00001ae6      0x216 hpl/oscctrl/hpl_oscctrl.o
 .debug_abbrev  0x00001cfc      0x2c8 hpl/ramecc/hpl_ramecc.o
 .debug_abbrev  0x00001fc4      0x5db hpl/sercom/hpl_sercom.o
 .debug_abbrev  0x0000259f      0x36e main.o
 .debug_abbrev  0x0000290d      0x1ef stdio_redirect/gcc/read.o
 .debug_abbrev  0x00002afc      0x1ef stdio_redirect/gcc/write.o
 .debug_abbrev  0x00002ceb      0x230 stdio_redirect/stdio_io.o
 .debug_abbrev  0x00002f1b      0x1fc stdio_start.o

.debug_loc      0x00000000     0xaaf9
 .debug_loc     0x00000000       0x20 atmel_start.o
 .debug_loc     0x00000020       0x6b Device_Startup/startup_same54.o
 .debug_loc     0x0000008b      0x556 driver_init.o
 .debug_loc     0x000005e1      0x607 hal/src/hal_can_async.o
 .debug_loc     0x00000be8      0x152 hal/src/hal_io.o
 .debug_loc     0x00000d3a      0x912 hal/src/hal_usart_sync.o
 .debug_loc     0x0000164c      0x13b hal/utils/src/utils_syscalls.o
 .debug_loc     0x00001787      0xd21 hpl/can/hpl_can.o
 .debug_loc     0x000024a8       0x4c hpl/core/hpl_init.o
 .debug_loc     0x000024f4      0x23a hpl/gclk/hpl_gclk.o
 .debug_loc     0x0000272e       0x2c hpl/mclk/hpl_mclk.o
 .debug_loc     0x0000275a      0x11b hpl/osc32kctrl/hpl_osc32kctrl.o
 .debug_loc     0x00002875      0x11e hpl/oscctrl/hpl_oscctrl.o
 .debug_loc     0x00002993      0x130 hpl/ramecc/hpl_ramecc.o
 .debug_loc     0x00002ac3     0x798f hpl/sercom/hpl_sercom.o
 .debug_loc     0x0000a452      0x2f0 main.o
 .debug_loc     0x0000a742       0xff stdio_redirect/gcc/read.o
 .debug_loc     0x0000a841       0xf3 stdio_redirect/gcc/write.o
 .debug_loc     0x0000a934      0x185 stdio_redirect/stdio_io.o
 .debug_loc     0x0000aab9       0x40 stdio_start.o

.debug_aranges  0x00000000      0x980
 .debug_aranges
                0x00000000       0x20 atmel_start.o
 .debug_aranges
                0x00000020       0x28 Device_Startup/startup_same54.o
 .debug_aranges
                0x00000048       0x48 driver_init.o
 .debug_aranges
                0x00000090       0x90 hal/src/hal_can_async.o
 .debug_aranges
                0x00000120       0x30 hal/src/hal_io.o
 .debug_aranges
                0x00000150       0xa8 hal/src/hal_usart_sync.o
 .debug_aranges
                0x000001f8       0x20 hal/utils/src/utils_assert.o
 .debug_aranges
                0x00000218       0x60 hal/utils/src/utils_syscalls.o
 .debug_aranges
                0x00000278       0x78 hpl/can/hpl_can.o
 .debug_aranges
                0x000002f0       0x20 hpl/core/hpl_init.o
 .debug_aranges
                0x00000310       0x28 hpl/gclk/hpl_gclk.o
 .debug_aranges
                0x00000338       0x20 hpl/mclk/hpl_mclk.o
 .debug_aranges
                0x00000358       0x20 hpl/osc32kctrl/hpl_osc32kctrl.o
 .debug_aranges
                0x00000378       0x28 hpl/oscctrl/hpl_oscctrl.o
 .debug_aranges
                0x000003a0       0x30 hpl/ramecc/hpl_ramecc.o
 .debug_aranges
                0x000003d0      0x4d8 hpl/sercom/hpl_sercom.o
 .debug_aranges
                0x000008a8       0x38 main.o
 .debug_aranges
                0x000008e0       0x20 stdio_redirect/gcc/read.o
 .debug_aranges
                0x00000900       0x20 stdio_redirect/gcc/write.o
 .debug_aranges
                0x00000920       0x38 stdio_redirect/stdio_io.o
 .debug_aranges
                0x00000958       0x28 stdio_start.o

.debug_ranges   0x00000000      0xd00
 .debug_ranges  0x00000000       0x10 atmel_start.o
 .debug_ranges  0x00000010       0x18 Device_Startup/startup_same54.o
 .debug_ranges  0x00000028       0x38 driver_init.o
 .debug_ranges  0x00000060       0x80 hal/src/hal_can_async.o
 .debug_ranges  0x000000e0       0x20 hal/src/hal_io.o
 .debug_ranges  0x00000100       0x98 hal/src/hal_usart_sync.o
 .debug_ranges  0x00000198       0x10 hal/utils/src/utils_assert.o
 .debug_ranges  0x000001a8       0x50 hal/utils/src/utils_syscalls.o
 .debug_ranges  0x000001f8       0x98 hpl/can/hpl_can.o
 .debug_ranges  0x00000290       0x10 hpl/core/hpl_init.o
 .debug_ranges  0x000002a0       0x18 hpl/gclk/hpl_gclk.o
 .debug_ranges  0x000002b8       0x10 hpl/mclk/hpl_mclk.o
 .debug_ranges  0x000002c8       0x10 hpl/osc32kctrl/hpl_osc32kctrl.o
 .debug_ranges  0x000002d8       0x18 hpl/oscctrl/hpl_oscctrl.o
 .debug_ranges  0x000002f0       0x38 hpl/ramecc/hpl_ramecc.o
 .debug_ranges  0x00000328      0x950 hpl/sercom/hpl_sercom.o
 .debug_ranges  0x00000c78       0x28 main.o
 .debug_ranges  0x00000ca0       0x10 stdio_redirect/gcc/read.o
 .debug_ranges  0x00000cb0       0x10 stdio_redirect/gcc/write.o
 .debug_ranges  0x00000cc0       0x28 stdio_redirect/stdio_io.o
 .debug_ranges  0x00000ce8       0x18 stdio_start.o

.debug_macro    0x00000000    0x33d63
 .debug_macro   0x00000000      0x8fd atmel_start.o
 .debug_macro   0x000008fd      0x8b0 atmel_start.o
 .debug_macro   0x000011ad      0x16d atmel_start.o
 .debug_macro   0x0000131a       0x22 atmel_start.o
 .debug_macro   0x0000133c       0x87 atmel_start.o
 .debug_macro   0x000013c3       0x51 atmel_start.o
 .debug_macro   0x00001414       0xef atmel_start.o
 .debug_macro   0x00001503       0x6a atmel_start.o
 .debug_macro   0x0000156d      0x1df atmel_start.o
 .debug_macro   0x0000174c       0x22 atmel_start.o
 .debug_macro   0x0000176e       0x54 atmel_start.o
 .debug_macro   0x000017c2       0x1c atmel_start.o
 .debug_macro   0x000017de       0x22 atmel_start.o
 .debug_macro   0x00001800       0xdf atmel_start.o
 .debug_macro   0x000018df     0x102d atmel_start.o
 .debug_macro   0x0000290c      0x11f atmel_start.o
 .debug_macro   0x00002a2b      0x706 atmel_start.o
 .debug_macro   0x00003131      0xb5b atmel_start.o
 .debug_macro   0x00003c8c      0x3c0 atmel_start.o
 .debug_macro   0x0000404c     0x2d61 atmel_start.o
 .debug_macro   0x00006dad      0x336 atmel_start.o
 .debug_macro   0x000070e3      0x3b7 atmel_start.o
 .debug_macro   0x0000749a      0x668 atmel_start.o
 .debug_macro   0x00007b02     0x143f atmel_start.o
 .debug_macro   0x00008f41      0x651 atmel_start.o
 .debug_macro   0x00009592      0x67b atmel_start.o
 .debug_macro   0x00009c0d      0x6d7 atmel_start.o
 .debug_macro   0x0000a2e4      0x172 atmel_start.o
 .debug_macro   0x0000a456      0x395 atmel_start.o
 .debug_macro   0x0000a7eb     0x19dd atmel_start.o
 .debug_macro   0x0000c1c8       0x3a atmel_start.o
 .debug_macro   0x0000c202      0x72a atmel_start.o
 .debug_macro   0x0000c92c      0xb12 atmel_start.o
 .debug_macro   0x0000d43e      0x5d7 atmel_start.o
 .debug_macro   0x0000da15      0xbc0 atmel_start.o
 .debug_macro   0x0000e5d5      0x9b9 atmel_start.o
 .debug_macro   0x0000ef8e      0x2a3 atmel_start.o
 .debug_macro   0x0000f231      0x8cb atmel_start.o
 .debug_macro   0x0000fafc      0x1ea atmel_start.o
 .debug_macro   0x0000fce6      0x8f4 atmel_start.o
 .debug_macro   0x000105da      0x216 atmel_start.o
 .debug_macro   0x000107f0      0x3f9 atmel_start.o
 .debug_macro   0x00010be9      0x620 atmel_start.o
 .debug_macro   0x00011209      0x10d atmel_start.o
 .debug_macro   0x00011316       0xb8 atmel_start.o
 .debug_macro   0x000113ce     0x1df7 atmel_start.o
 .debug_macro   0x000131c5     0x2e69 atmel_start.o
 .debug_macro   0x0001602e     0x11ed atmel_start.o
 .debug_macro   0x0001721b      0x50e atmel_start.o
 .debug_macro   0x00017729      0x930 atmel_start.o
 .debug_macro   0x00018059     0x1ad8 atmel_start.o
 .debug_macro   0x00019b31       0xe7 atmel_start.o
 .debug_macro   0x00019c18     0x13e6 atmel_start.o
 .debug_macro   0x0001affe      0x36a atmel_start.o
 .debug_macro   0x0001b368       0x94 atmel_start.o
 .debug_macro   0x0001b3fc       0xdc atmel_start.o
 .debug_macro   0x0001b4d8       0xe2 atmel_start.o
 .debug_macro   0x0001b5ba       0xdc atmel_start.o
 .debug_macro   0x0001b696      0x149 atmel_start.o
 .debug_macro   0x0001b7df      0x149 atmel_start.o
 .debug_macro   0x0001b928       0x46 atmel_start.o
 .debug_macro   0x0001b96e       0x4c atmel_start.o
 .debug_macro   0x0001b9ba       0xc4 atmel_start.o
 .debug_macro   0x0001ba7e      0x7d5 atmel_start.o
 .debug_macro   0x0001c253       0xb8 atmel_start.o
 .debug_macro   0x0001c30b       0x7c atmel_start.o
 .debug_macro   0x0001c387      0xc20 atmel_start.o
 .debug_macro   0x0001cfa7       0x46 atmel_start.o
 .debug_macro   0x0001cfed      0x25b atmel_start.o
 .debug_macro   0x0001d248      0x31a atmel_start.o
 .debug_macro   0x0001d562      0x170 atmel_start.o
 .debug_macro   0x0001d6d2       0x7c atmel_start.o
 .debug_macro   0x0001d74e       0xbe atmel_start.o
 .debug_macro   0x0001d80c       0x4c atmel_start.o
 .debug_macro   0x0001d858       0x82 atmel_start.o
 .debug_macro   0x0001d8da      0x1a3 atmel_start.o
 .debug_macro   0x0001da7d       0x46 atmel_start.o
 .debug_macro   0x0001dac3       0x6a atmel_start.o
 .debug_macro   0x0001db2d       0x46 atmel_start.o
 .debug_macro   0x0001db73       0x88 atmel_start.o
 .debug_macro   0x0001dbfb       0x46 atmel_start.o
 .debug_macro   0x0001dc41      0x24e atmel_start.o
 .debug_macro   0x0001de8f       0x1c atmel_start.o
 .debug_macro   0x0001deab       0x76 atmel_start.o
 .debug_macro   0x0001df21       0x3a atmel_start.o
 .debug_macro   0x0001df5b       0x2e atmel_start.o
 .debug_macro   0x0001df89      0x196 atmel_start.o
 .debug_macro   0x0001e11f      0x16f atmel_start.o
 .debug_macro   0x0001e28e      0x16f atmel_start.o
 .debug_macro   0x0001e3fd      0x25d atmel_start.o
 .debug_macro   0x0001e65a      0x25d atmel_start.o
 .debug_macro   0x0001e8b7      0x25d atmel_start.o
 .debug_macro   0x0001eb14      0x25d atmel_start.o
 .debug_macro   0x0001ed71      0x25d atmel_start.o
 .debug_macro   0x0001efce      0x25d atmel_start.o
 .debug_macro   0x0001f22b      0x25d atmel_start.o
 .debug_macro   0x0001f488      0x25d atmel_start.o
 .debug_macro   0x0001f6e5       0x52 atmel_start.o
 .debug_macro   0x0001f737       0xfa atmel_start.o
 .debug_macro   0x0001f831       0xfa atmel_start.o
 .debug_macro   0x0001f92b       0xfa atmel_start.o
 .debug_macro   0x0001fa25       0xfa atmel_start.o
 .debug_macro   0x0001fb1f       0xfa atmel_start.o
 .debug_macro   0x0001fc19       0xfa atmel_start.o
 .debug_macro   0x0001fd13       0xfa atmel_start.o
 .debug_macro   0x0001fe0d       0xfa atmel_start.o
 .debug_macro   0x0001ff07      0x148 atmel_start.o
 .debug_macro   0x0002004f      0x124 atmel_start.o
 .debug_macro   0x00020173      0x106 atmel_start.o
 .debug_macro   0x00020279       0xee atmel_start.o
 .debug_macro   0x00020367       0xee atmel_start.o
 .debug_macro   0x00020455       0x2e atmel_start.o
 .debug_macro   0x00020483      0x46a atmel_start.o
 .debug_macro   0x000208ed       0x3a atmel_start.o
 .debug_macro   0x00020927      0x59f atmel_start.o
 .debug_macro   0x00020ec6     0x4ff3 atmel_start.o
 .debug_macro   0x00025eb9       0xcf atmel_start.o
 .debug_macro   0x00025f88       0x10 atmel_start.o
 .debug_macro   0x00025f98       0x10 atmel_start.o
 .debug_macro   0x00025fa8       0x16 atmel_start.o
 .debug_macro   0x00025fbe       0x16 atmel_start.o
 .debug_macro   0x00025fd4       0x16 atmel_start.o
 .debug_macro   0x00025fea       0x16 atmel_start.o
 .debug_macro   0x00026000       0x16 atmel_start.o
 .debug_macro   0x00026016       0x16 atmel_start.o
 .debug_macro   0x0002602c       0x40 atmel_start.o
 .debug_macro   0x0002606c       0x16 atmel_start.o
 .debug_macro   0x00026082       0x16 atmel_start.o
 .debug_macro   0x00026098       0x16 atmel_start.o
 .debug_macro   0x000260ae       0x16 atmel_start.o
 .debug_macro   0x000260c4       0x16 atmel_start.o
 .debug_macro   0x000260da       0x16 atmel_start.o
 .debug_macro   0x000260f0       0x16 atmel_start.o
 .debug_macro   0x00026106       0x16 atmel_start.o
 .debug_macro   0x0002611c       0x16 atmel_start.o
 .debug_macro   0x00026132       0x16 atmel_start.o
 .debug_macro   0x00026148       0x16 atmel_start.o
 .debug_macro   0x0002615e       0x16 atmel_start.o
 .debug_macro   0x00026174       0x16 atmel_start.o
 .debug_macro   0x0002618a       0x16 atmel_start.o
 .debug_macro   0x000261a0       0x16 atmel_start.o
 .debug_macro   0x000261b6       0x16 atmel_start.o
 .debug_macro   0x000261cc       0x16 atmel_start.o
 .debug_macro   0x000261e2       0x16 atmel_start.o
 .debug_macro   0x000261f8       0x16 atmel_start.o
 .debug_macro   0x0002620e       0x16 atmel_start.o
 .debug_macro   0x00026224       0x16 atmel_start.o
 .debug_macro   0x0002623a      0xe5c atmel_start.o
 .debug_macro   0x00027096      0x9b6 atmel_start.o
 .debug_macro   0x00027a4c       0x94 atmel_start.o
 .debug_macro   0x00027ae0       0x16 atmel_start.o
 .debug_macro   0x00027af6       0xbe atmel_start.o
 .debug_macro   0x00027bb4      0x28c atmel_start.o
 .debug_macro   0x00027e40       0x16 atmel_start.o
 .debug_macro   0x00027e56      0x4d8 atmel_start.o
 .debug_macro   0x0002832e       0x16 atmel_start.o
 .debug_macro   0x00028344       0xca atmel_start.o
 .debug_macro   0x0002840e       0x1c atmel_start.o
 .debug_macro   0x0002842a       0x16 atmel_start.o
 .debug_macro   0x00028440      0x185 atmel_start.o
 .debug_macro   0x000285c5       0x76 atmel_start.o
 .debug_macro   0x0002863b       0xc9 atmel_start.o
 .debug_macro   0x00028704       0x58 atmel_start.o
 .debug_macro   0x0002875c       0x35 atmel_start.o
 .debug_macro   0x00028791       0x9c atmel_start.o
 .debug_macro   0x0002882d       0x16 atmel_start.o
 .debug_macro   0x00028843       0x35 atmel_start.o
 .debug_macro   0x00028878      0x34d atmel_start.o
 .debug_macro   0x00028bc5       0x10 atmel_start.o
 .debug_macro   0x00028bd5       0x58 atmel_start.o
 .debug_macro   0x00028c2d       0x1f atmel_start.o
 .debug_macro   0x00028c4c       0x43 atmel_start.o
 .debug_macro   0x00028c8f       0x20 atmel_start.o
 .debug_macro   0x00028caf      0x187 atmel_start.o
 .debug_macro   0x00028e36       0x10 atmel_start.o
 .debug_macro   0x00028e46       0x1c atmel_start.o
 .debug_macro   0x00028e62       0x52 atmel_start.o
 .debug_macro   0x00028eb4       0x40 atmel_start.o
 .debug_macro   0x00028ef4       0x10 atmel_start.o
 .debug_macro   0x00028f04       0x40 atmel_start.o
 .debug_macro   0x00028f44       0xd7 atmel_start.o
 .debug_macro   0x0002901b       0x16 atmel_start.o
 .debug_macro   0x00029031      0x18b atmel_start.o
 .debug_macro   0x000291bc      0x4b2 Device_Startup/startup_same54.o
 .debug_macro   0x0002966e       0x4e Device_Startup/startup_same54.o
 .debug_macro   0x000296bc      0x786 driver_init.o
 .debug_macro   0x00029e42       0x35 driver_init.o
 .debug_macro   0x00029e77      0x6cc hal/src/hal_can_async.o
 .debug_macro   0x0002a543       0x10 hal/src/hal_can_async.o
 .debug_macro   0x0002a553      0x69b hal/src/hal_io.o
 .debug_macro   0x0002abee      0x6c6 hal/src/hal_usart_sync.o
 .debug_macro   0x0002b2b4      0x690 hal/utils/src/utils_assert.o
 .debug_macro   0x0002b944      0x1d6 hal/utils/src/utils_syscalls.o
 .debug_macro   0x0002bb1a       0x52 hal/utils/src/utils_syscalls.o
 .debug_macro   0x0002bb6c       0x8d hal/utils/src/utils_syscalls.o
 .debug_macro   0x0002bbf9       0x57 hal/utils/src/utils_syscalls.o
 .debug_macro   0x0002bc50       0x97 hal/utils/src/utils_syscalls.o
 .debug_macro   0x0002bce7      0x353 hal/utils/src/utils_syscalls.o
 .debug_macro   0x0002c03a       0xf6 hal/utils/src/utils_syscalls.o
 .debug_macro   0x0002c130       0x4c hal/utils/src/utils_syscalls.o
 .debug_macro   0x0002c17c       0x16 hal/utils/src/utils_syscalls.o
 .debug_macro   0x0002c192       0x10 hal/utils/src/utils_syscalls.o
 .debug_macro   0x0002c1a2       0x10 hal/utils/src/utils_syscalls.o
 .debug_macro   0x0002c1b2       0x35 hal/utils/src/utils_syscalls.o
 .debug_macro   0x0002c1e7      0x122 hal/utils/src/utils_syscalls.o
 .debug_macro   0x0002c309      0x795 hpl/can/hpl_can.o
 .debug_macro   0x0002ca9e      0x167 hpl/can/hpl_can.o
 .debug_macro   0x0002cc05       0x9e hpl/can/hpl_can.o
 .debug_macro   0x0002cca3      0x729 hpl/core/hpl_init.o
 .debug_macro   0x0002d3cc       0x2e hpl/core/hpl_init.o
 .debug_macro   0x0002d3fa      0xd7b hpl/core/hpl_init.o
 .debug_macro   0x0002e175      0x69f hpl/gclk/hpl_gclk.o
 .debug_macro   0x0002e814      0x2f0 hpl/gclk/hpl_gclk.o
 .debug_macro   0x0002eb04      0x69a hpl/mclk/hpl_mclk.o
 .debug_macro   0x0002f19e      0x695 hpl/osc32kctrl/hpl_osc32kctrl.o
 .debug_macro   0x0002f833       0x80 hpl/osc32kctrl/hpl_osc32kctrl.o
 .debug_macro   0x0002f8b3      0x69f hpl/oscctrl/hpl_oscctrl.o
 .debug_macro   0x0002ff52      0x216 hpl/oscctrl/hpl_oscctrl.o
 .debug_macro   0x00030168      0x6b0 hpl/ramecc/hpl_ramecc.o
 .debug_macro   0x00030818      0x8e9 hpl/sercom/hpl_sercom.o
 .debug_macro   0x00031101       0x70 hpl/sercom/hpl_sercom.o
 .debug_macro   0x00031171       0xe4 hpl/sercom/hpl_sercom.o
 .debug_macro   0x00031255       0x10 hpl/sercom/hpl_sercom.o
 .debug_macro   0x00031265       0x1c hpl/sercom/hpl_sercom.o
 .debug_macro   0x00031281       0x22 hpl/sercom/hpl_sercom.o
 .debug_macro   0x000312a3       0x10 hpl/sercom/hpl_sercom.o
 .debug_macro   0x000312b3      0x8fe main.o
 .debug_macro   0x00031bb1      0x7f6 stdio_redirect/gcc/read.o
 .debug_macro   0x000323a7      0x7f6 stdio_redirect/gcc/write.o
 .debug_macro   0x00032b9d      0x7ef stdio_redirect/stdio_io.o
 .debug_macro   0x0003338c       0xd9 stdio_redirect/stdio_io.o
 .debug_macro   0x00033465      0x8fe stdio_start.o

.debug_line     0x00000000    0x1260e
 .debug_line    0x00000000      0xe73 atmel_start.o
 .debug_line    0x00000e73      0x89d Device_Startup/startup_same54.o
 .debug_line    0x00001710      0xdf8 driver_init.o
 .debug_line    0x00002508      0xd59 hal/src/hal_can_async.o
 .debug_line    0x00003261      0xc09 hal/src/hal_io.o
 .debug_line    0x00003e6a      0xde2 hal/src/hal_usart_sync.o
 .debug_line    0x00004c4c      0xbbe hal/utils/src/utils_assert.o
 .debug_line    0x0000580a      0x40a hal/utils/src/utils_syscalls.o
 .debug_line    0x00005c14     0x108b hpl/can/hpl_can.o
 .debug_line    0x00006c9f      0xccc hpl/core/hpl_init.o
 .debug_line    0x0000796b      0xc3b hpl/gclk/hpl_gclk.o
 .debug_line    0x000085a6      0xbe1 hpl/mclk/hpl_mclk.o
 .debug_line    0x00009187      0xc02 hpl/osc32kctrl/hpl_osc32kctrl.o
 .debug_line    0x00009d89      0xc30 hpl/oscctrl/hpl_oscctrl.o
 .debug_line    0x0000a9b9      0xc84 hpl/ramecc/hpl_ramecc.o
 .debug_line    0x0000b63d     0x2aaa hpl/sercom/hpl_sercom.o
 .debug_line    0x0000e0e7      0xfc9 main.o
 .debug_line    0x0000f0b0      0xce6 stdio_redirect/gcc/read.o
 .debug_line    0x0000fd96      0xce7 stdio_redirect/gcc/write.o
 .debug_line    0x00010a7d      0xd0a stdio_redirect/stdio_io.o
 .debug_line    0x00011787      0xe87 stdio_start.o

.debug_str      0x00000000   0x11a6b2
 .debug_str     0x00000000   0x10b8fa atmel_start.o
                             0x10bea6 (size before relaxing)
 .debug_str     0x0010b8fa      0xbfb Device_Startup/startup_same54.o
                              0xf0d01 (size before relaxing)
 .debug_str     0x0010c4f5     0x1c89 driver_init.o
                             0x109d8f (size before relaxing)
 .debug_str     0x0010e17e      0x250 hal/src/hal_can_async.o
                             0x106f9e (size before relaxing)
 .debug_str     0x0010e3ce       0x33 hal/src/hal_io.o
                             0x10674f (size before relaxing)
 .debug_str     0x0010e401      0x4aa hal/src/hal_usart_sync.o
                             0x1071ef (size before relaxing)
 .debug_str     0x0010e8ab       0x2a hal/utils/src/utils_assert.o
                             0x1066c4 (size before relaxing)
 .debug_str     0x0010e8d5      0x77f hal/utils/src/utils_syscalls.o
                               0x7397 (size before relaxing)
 .debug_str     0x0010f054     0x19fc hpl/can/hpl_can.o
                             0x10c0ce (size before relaxing)
 .debug_str     0x00110a50     0x310e hpl/core/hpl_init.o
                             0x10a9e0 (size before relaxing)
 .debug_str     0x00113b5e      0xbf4 hpl/gclk/hpl_gclk.o
                             0x1073ef (size before relaxing)
 .debug_str     0x00114752       0x47 hpl/mclk/hpl_mclk.o
                             0x106ba3 (size before relaxing)
 .debug_str     0x00114799      0x51e hpl/osc32kctrl/hpl_osc32kctrl.o
                             0x106bd4 (size before relaxing)
 .debug_str     0x00114cb7      0xb8f hpl/oscctrl/hpl_oscctrl.o
                             0x107e11 (size before relaxing)
 .debug_str     0x00115846      0x25d hpl/ramecc/hpl_ramecc.o
                             0x1075fa (size before relaxing)
 .debug_str     0x00115aa3     0x4a3d hpl/sercom/hpl_sercom.o
                             0x10cc0b (size before relaxing)
 .debug_str     0x0011a4e0      0x103 main.o
                             0x10ccb4 (size before relaxing)
 .debug_str     0x0011a5e3       0x2b stdio_redirect/gcc/read.o
                             0x10a471 (size before relaxing)
 .debug_str     0x0011a60e       0x2d stdio_redirect/gcc/write.o
                             0x10a473 (size before relaxing)
 .debug_str     0x0011a63b       0x4b stdio_redirect/stdio_io.o
                             0x10a4fa (size before relaxing)
 .debug_str     0x0011a686       0x2c stdio_start.o
                             0x10bed6 (size before relaxing)

.debug_frame    0x00000000     0x244c
 .debug_frame   0x00000000       0x28 atmel_start.o
 .debug_frame   0x00000028       0x38 Device_Startup/startup_same54.o
 .debug_frame   0x00000060       0x88 driver_init.o
 .debug_frame   0x000000e8      0x18c hal/src/hal_can_async.o
 .debug_frame   0x00000274       0x58 hal/src/hal_io.o
 .debug_frame   0x000002cc      0x1f8 hal/src/hal_usart_sync.o
 .debug_frame   0x000004c4       0x20 hal/utils/src/utils_assert.o
 .debug_frame   0x000004e4       0xa8 hal/utils/src/utils_syscalls.o
 .debug_frame   0x0000058c      0x130 hpl/can/hpl_can.o
 .debug_frame   0x000006bc       0x28 hpl/core/hpl_init.o
 .debug_frame   0x000006e4       0x30 hpl/gclk/hpl_gclk.o
 .debug_frame   0x00000714       0x20 hpl/mclk/hpl_mclk.o
 .debug_frame   0x00000734       0x20 hpl/osc32kctrl/hpl_osc32kctrl.o
 .debug_frame   0x00000754       0x30 hpl/oscctrl/hpl_oscctrl.o
 .debug_frame   0x00000784       0x4c hpl/ramecc/hpl_ramecc.o
 .debug_frame   0x000007d0      0xe54 hpl/sercom/hpl_sercom.o
 .debug_frame   0x00001624       0x88 main.o
 .debug_frame   0x000016ac       0x2c stdio_redirect/gcc/read.o
 .debug_frame   0x000016d8       0x2c stdio_redirect/gcc/write.o
 .debug_frame   0x00001704       0x6c stdio_redirect/stdio_io.o
 .debug_frame   0x00001770       0x40 stdio_start.o
 .debug_frame   0x000017b0       0x2c c:/program files (x86)/atmel/studio/7.0/toolchain/arm/arm-gnu-toolchain/bin/../lib/gcc/arm-none-eabi/6.3.1/../../../../arm-none-eabi/lib/thumb/v7e-m\libc_nano.a(lib_a-init.o)
 .debug_frame   0x000017dc       0x28 c:/program files (x86)/atmel/studio/7.0/toolchain/arm/arm-gnu-toolchain/bin/../lib/gcc/arm-none-eabi/6.3.1/../../../../arm-none-eabi/lib/thumb/v7e-m\libc_nano.a(lib_a-memcpy-stub.o)
 .debug_frame   0x00001804       0x20 c:/program files (x86)/atmel/studio/7.0/toolchain/arm/arm-gnu-toolchain/bin/../lib/gcc/arm-none-eabi/6.3.1/../../../../arm-none-eabi/lib/thumb/v7e-m\libc_nano.a(lib_a-memset.o)
 .debug_frame   0x00001824       0x74 c:/program files (x86)/atmel/studio/7.0/toolchain/arm/arm-gnu-toolchain/bin/../lib/gcc/arm-none-eabi/6.3.1/../../../../arm-none-eabi/lib/thumb/v7e-m\libc_nano.a(lib_a-printf.o)
 .debug_frame   0x00001898       0x3c c:/program files (x86)/atmel/studio/7.0/toolchain/arm/arm-gnu-toolchain/bin/../lib/gcc/arm-none-eabi/6.3.1/../../../../arm-none-eabi/lib/thumb/v7e-m\libc_nano.a(lib_a-puts.o)
 .debug_frame   0x000018d4       0x74 c:/program files (x86)/atmel/studio/7.0/toolchain/arm/arm-gnu-toolchain/bin/../lib/gcc/arm-none-eabi/6.3.1/../../../../arm-none-eabi/lib/thumb/v7e-m\libc_nano.a(lib_a-scanf.o)
 .debug_frame   0x00001948       0x20 c:/program files (x86)/atmel/studio/7.0/toolchain/arm/arm-gnu-toolchain/bin/../lib/gcc/arm-none-eabi/6.3.1/../../../../arm-none-eabi/lib/thumb/v7e-m\libc_nano.a(lib_a-setbuf.o)
 .debug_frame   0x00001968       0x38 c:/program files (x86)/atmel/studio/7.0/toolchain/arm/arm-gnu-toolchain/bin/../lib/gcc/arm-none-eabi/6.3.1/../../../../arm-none-eabi/lib/thumb/v7e-m\libc_nano.a(lib_a-setvbuf.o)
 .debug_frame   0x000019a0       0x40 c:/program files (x86)/atmel/studio/7.0/toolchain/arm/arm-gnu-toolchain/bin/../lib/gcc/arm-none-eabi/6.3.1/../../../../arm-none-eabi/lib/thumb/v7e-m\libc_nano.a(lib_a-wbuf.o)
 .debug_frame   0x000019e0       0x2c c:/program files (x86)/atmel/studio/7.0/toolchain/arm/arm-gnu-toolchain/bin/../lib/gcc/arm-none-eabi/6.3.1/../../../../arm-none-eabi/lib/thumb/v7e-m\libc_nano.a(lib_a-wsetup.o)
 .debug_frame   0x00001a0c       0x68 c:/program files (x86)/atmel/studio/7.0/toolchain/arm/arm-gnu-toolchain/bin/../lib/gcc/arm-none-eabi/6.3.1/../../../../arm-none-eabi/lib/thumb/v7e-m\libc_nano.a(lib_a-fflush.o)
 .debug_frame   0x00001a74      0x11c c:/program files (x86)/atmel/studio/7.0/toolchain/arm/arm-gnu-toolchain/bin/../lib/gcc/arm-none-eabi/6.3.1/../../../../arm-none-eabi/lib/thumb/v7e-m\libc_nano.a(lib_a-findfp.o)
 .debug_frame   0x00001b90       0x54 c:/program files (x86)/atmel/studio/7.0/toolchain/arm/arm-gnu-toolchain/bin/../lib/gcc/arm-none-eabi/6.3.1/../../../../arm-none-eabi/lib/thumb/v7e-m\libc_nano.a(lib_a-fwalk.o)
 .debug_frame   0x00001be4       0x58 c:/program files (x86)/atmel/studio/7.0/toolchain/arm/arm-gnu-toolchain/bin/../lib/gcc/arm-none-eabi/6.3.1/../../../../arm-none-eabi/lib/thumb/v7e-m\libc_nano.a(lib_a-makebuf.o)
 .debug_frame   0x00001c3c       0x30 c:/program files (x86)/atmel/studio/7.0/toolchain/arm/arm-gnu-toolchain/bin/../lib/gcc/arm-none-eabi/6.3.1/../../../../arm-none-eabi/lib/thumb/v7e-m\libc_nano.a(lib_a-malloc.o)
 .debug_frame   0x00001c6c       0x38 c:/program files (x86)/atmel/studio/7.0/toolchain/arm/arm-gnu-toolchain/bin/../lib/gcc/arm-none-eabi/6.3.1/../../../../arm-none-eabi/lib/thumb/v7e-m\libc_nano.a(lib_a-nano-freer.o)
 .debug_frame   0x00001ca4       0x2c c:/program files (x86)/atmel/studio/7.0/toolchain/arm/arm-gnu-toolchain/bin/../lib/gcc/arm-none-eabi/6.3.1/../../../../arm-none-eabi/lib/thumb/v7e-m\libc_nano.a(lib_a-nano-mallocr.o)
 .debug_frame   0x00001cd0       0xac c:/program files (x86)/atmel/studio/7.0/toolchain/arm/arm-gnu-toolchain/bin/../lib/gcc/arm-none-eabi/6.3.1/../../../../arm-none-eabi/lib/thumb/v7e-m\libc_nano.a(lib_a-nano-vfprintf.o)
 .debug_frame   0x00001d7c       0x60 c:/program files (x86)/atmel/studio/7.0/toolchain/arm/arm-gnu-toolchain/bin/../lib/gcc/arm-none-eabi/6.3.1/../../../../arm-none-eabi/lib/thumb/v7e-m\libc_nano.a(lib_a-nano-vfprintf_i.o)
 .debug_frame   0x00001ddc       0xac c:/program files (x86)/atmel/studio/7.0/toolchain/arm/arm-gnu-toolchain/bin/../lib/gcc/arm-none-eabi/6.3.1/../../../../arm-none-eabi/lib/thumb/v7e-m\libc_nano.a(lib_a-nano-vfscanf.o)
 .debug_frame   0x00001e88       0x60 c:/program files (x86)/atmel/studio/7.0/toolchain/arm/arm-gnu-toolchain/bin/../lib/gcc/arm-none-eabi/6.3.1/../../../../arm-none-eabi/lib/thumb/v7e-m\libc_nano.a(lib_a-nano-vfscanf_i.o)
 .debug_frame   0x00001ee8       0x40 c:/program files (x86)/atmel/studio/7.0/toolchain/arm/arm-gnu-toolchain/bin/../lib/gcc/arm-none-eabi/6.3.1/../../../../arm-none-eabi/lib/thumb/v7e-m\libc_nano.a(lib_a-refill.o)
 .debug_frame   0x00001f28       0x2c c:/program files (x86)/atmel/studio/7.0/toolchain/arm/arm-gnu-toolchain/bin/../lib/gcc/arm-none-eabi/6.3.1/../../../../arm-none-eabi/lib/thumb/v7e-m\libc_nano.a(lib_a-sbrkr.o)
 .debug_frame   0x00001f54       0x2c c:/program files (x86)/atmel/studio/7.0/toolchain/arm/arm-gnu-toolchain/bin/../lib/gcc/arm-none-eabi/6.3.1/../../../../arm-none-eabi/lib/thumb/v7e-m\libc_nano.a(lib_a-sccl.o)
 .debug_frame   0x00001f80       0x88 c:/program files (x86)/atmel/studio/7.0/toolchain/arm/arm-gnu-toolchain/bin/../lib/gcc/arm-none-eabi/6.3.1/../../../../arm-none-eabi/lib/thumb/v7e-m\libc_nano.a(lib_a-stdio.o)